Component: ARM Compiler 5.06 update 7 (build 960) Tool: armlink [4d3601]

==============================================================================

Section Cross References

    startup_stm32f40_41xxx.o(STACK) refers (Special) to heapauxi.o(.text) for __use_two_region_memory
    startup_stm32f40_41xxx.o(HEAP) refers (Special) to heapauxi.o(.text) for __use_two_region_memory
    startup_stm32f40_41xxx.o(RESET) refers (Special) to heapauxi.o(.text) for __use_two_region_memory
    startup_stm32f40_41xxx.o(RESET) refers to startup_stm32f40_41xxx.o(STACK) for __initial_sp
    startup_stm32f40_41xxx.o(RESET) refers to startup_stm32f40_41xxx.o(.text) for Reset_Handler
    startup_stm32f40_41xxx.o(RESET) refers to stm32f4xx_it.o(i.NMI_Handler) for NMI_Handler
    startup_stm32f40_41xxx.o(RESET) refers to stm32f4xx_it.o(i.HardFault_Handler) for HardFault_Handler
    startup_stm32f40_41xxx.o(RESET) refers to stm32f4xx_it.o(i.MemManage_Handler) for MemManage_Handler
    startup_stm32f40_41xxx.o(RESET) refers to stm32f4xx_it.o(i.BusFault_Handler) for BusFault_Handler
    startup_stm32f40_41xxx.o(RESET) refers to stm32f4xx_it.o(i.UsageFault_Handler) for UsageFault_Handler
    startup_stm32f40_41xxx.o(RESET) refers to stm32f4xx_it.o(i.SVC_Handler) for SVC_Handler
    startup_stm32f40_41xxx.o(RESET) refers to stm32f4xx_it.o(i.DebugMon_Handler) for DebugMon_Handler
    startup_stm32f40_41xxx.o(RESET) refers to stm32f4xx_it.o(i.PendSV_Handler) for PendSV_Handler
    startup_stm32f40_41xxx.o(RESET) refers to stm32f4xx_it.o(i.SysTick_Handler) for SysTick_Handler
    startup_stm32f40_41xxx.o(RESET) refers to timer.o(i.TIM3_IRQHandler) for TIM3_IRQHandler
    startup_stm32f40_41xxx.o(RESET) refers to main.o(i.USART1_IRQHandler) for USART1_IRQHandler
    startup_stm32f40_41xxx.o(RESET) refers to timer.o(i.TIM5_IRQHandler) for TIM5_IRQHandler
    startup_stm32f40_41xxx.o(RESET) refers to menu_ui.o(i.TIM6_DAC_IRQHandler) for TIM6_DAC_IRQHandler
    startup_stm32f40_41xxx.o(RESET) refers to main.o(i.USART6_IRQHandler) for USART6_IRQHandler
    startup_stm32f40_41xxx.o(.text) refers (Special) to heapauxi.o(.text) for __use_two_region_memory
    startup_stm32f40_41xxx.o(.text) refers to system_stm32f4xx.o(i.SystemInit) for SystemInit
    startup_stm32f40_41xxx.o(.text) refers to __main.o(!!!main) for __main
    startup_stm32f40_41xxx.o(.text) refers to startup_stm32f40_41xxx.o(HEAP) for Heap_Mem
    startup_stm32f40_41xxx.o(.text) refers to startup_stm32f40_41xxx.o(STACK) for Stack_Mem
    main.o(i.Clear_L1Mod_Usart) refers to rt_memclr_w.o(.text) for __aeabi_memclr4
    main.o(i.Clear_L1Mod_Usart) refers to main.o(.bss) for g_L1Mod_node
    main.o(i.E5_Init) refers to stm32f4xx_rcc.o(i.RCC_AHB1PeriphClockCmd) for RCC_AHB1PeriphClockCmd
    main.o(i.E5_Init) refers to stm32f4xx_gpio.o(i.GPIO_Init) for GPIO_Init
    main.o(i.Task1_2) refers to main.o(.data) for tick
    main.o(i.Task1_2) refers to pid.o(.bss) for err
    main.o(i.Task1_2) refers to pid.o(.data) for integral1
    main.o(i.Task3) refers to key.o(i.Key_Read) for Key_Read
    main.o(i.Task3) refers to delay.o(i.delay_ms) for delay_ms
    main.o(i.Task3) refers to main.o(.data) for tick
    main.o(i.Task4) refers to main.o(.data) for tick
    main.o(i.Task6) refers to main.o(.data) for tick
    main.o(i.Task_Choose) refers to main.o(i.Task1_2) for Task1_2
    main.o(i.Task_Choose) refers to main.o(i.Task3) for Task3
    main.o(i.Task_Choose) refers to main.o(i.Task4) for Task4
    main.o(i.Task_Choose) refers to main.o(i.Task6) for Task6
    main.o(i.Task_Choose) refers to main.o(.data) for target
    main.o(i.Task_Choose) refers to pid.o(.data) for PID_Sub
    main.o(i.USART1_IRQHandler) refers to stm32f4xx_usart.o(i.USART_GetITStatus) for USART_GetITStatus
    main.o(i.USART1_IRQHandler) refers to stm32f4xx_usart.o(i.USART_ClearITPendingBit) for USART_ClearITPendingBit
    main.o(i.USART1_IRQHandler) refers to stm32f4xx_usart.o(i.USART_ReceiveData) for USART_ReceiveData
    main.o(i.USART1_IRQHandler) refers to stm32f4xx_usart.o(i.USART_GetFlagStatus) for USART_GetFlagStatus
    main.o(i.USART1_IRQHandler) refers to stm32f4xx_usart.o(i.USART_ClearFlag) for USART_ClearFlag
    main.o(i.USART6_IRQHandler) refers to _printf_percent.o(.ARM.Collect$$_printf_percent$$00000000) for _printf_percent
    main.o(i.USART6_IRQHandler) refers to _printf_s.o(.ARM.Collect$$_printf_percent$$00000014) for _printf_s
    main.o(i.USART6_IRQHandler) refers to _printf_str.o(.text) for _printf_str
    main.o(i.USART6_IRQHandler) refers to _printf_f.o(.ARM.Collect$$_printf_percent$$00000003) for _printf_f
    main.o(i.USART6_IRQHandler) refers to printf1.o(x$fpl$printf1) for _printf_fp_dec
    main.o(i.USART6_IRQHandler) refers to stm32f4xx_usart.o(i.USART_GetITStatus) for USART_GetITStatus
    main.o(i.USART6_IRQHandler) refers to stm32f4xx_usart.o(i.USART_ReceiveData) for USART_ReceiveData
    main.o(i.USART6_IRQHandler) refers to noretval__2printf.o(.text) for __2printf
[...]
    x$fpl$retnan                             0x0800927c   Section      100  retnan.o(x$fpl$retnan)
    $v0                                      0x0800927c   Number         0  retnan.o(x$fpl$retnan)
    x$fpl$scalbn                             0x080092e0   Section       92  scalbn.o(x$fpl$scalbn)
    $v0                                      0x080092e0   Number         0  scalbn.o(x$fpl$scalbn)
    x$fpl$scanf1                             0x0800933c   Section        4  scanf1.o(x$fpl$scanf1)
    $v0                                      0x0800933c   Number         0  scanf1.o(x$fpl$scanf1)
    x$fpl$scanf2                             0x08009340   Section        8  scanf2.o(x$fpl$scanf2)
    $v0                                      0x08009340   Number         0  scanf2.o(x$fpl$scanf2)
    x$fpl$trapveneer                         0x08009348   Section       48  trapv.o(x$fpl$trapveneer)
    $v0                                      0x08009348   Number         0  trapv.o(x$fpl$trapveneer)
    .constdata                               0x08009378   Section    18240  lcd.o(.constdata)
    x$fpl$usenofp                            0x08009378   Section        0  usenofp.o(x$fpl$usenofp)
    .constdata                               0x0800dab8   Section       40  _printf_hex_int.o(.constdata)
    uc_hextab                                0x0800dab8   Data          20  _printf_hex_int.o(.constdata)
    lc_hextab                                0x0800dacc   Data          20  _printf_hex_int.o(.constdata)
    .constdata                               0x0800dae0   Section      148  bigflt0.o(.constdata)
    tenpwrs_x                                0x0800dae0   Data          60  bigflt0.o(.constdata)
    tenpwrs_i                                0x0800db1c   Data          64  bigflt0.o(.constdata)
    c$$dinf                                  0x0800db94   Section        8  fpconst.o(c$$dinf)
    c$$dmax                                  0x0800db9c   Section        8  fpconst.o(c$$dmax)
    locale$$data                             0x0800dba4   Section       28  lc_numeric_c.o(locale$$data)
    __lcnum_c_name                           0x0800dba8   Data           2  lc_numeric_c.o(locale$$data)
    __lcnum_c_start                          0x0800dbb0   Data           0  lc_numeric_c.o(locale$$data)
    __lcnum_c_point                          0x0800dbbc   Data           0  lc_numeric_c.o(locale$$data)
    __lcnum_c_thousands                      0x0800dbbe   Data           0  lc_numeric_c.o(locale$$data)
    __lcnum_c_grouping                       0x0800dbbf   Data           0  lc_numeric_c.o(locale$$data)
    locale$$data                             0x0800dbc0   Section      272  lc_ctype_c.o(locale$$data)
    __lcnum_c_end                            0x0800dbc0   Data           0  lc_numeric_c.o(locale$$data)
    __lcctype_c_name                         0x0800dbc4   Data           2  lc_ctype_c.o(locale$$data)
    __lcctype_c_start                        0x0800dbcc   Data           0  lc_ctype_c.o(locale$$data)
    __lcctype_c_end                          0x0800dcd0   Data           0  lc_ctype_c.o(locale$$data)
    .data                                    0x20000000   Section       60  main.o(.data)
    gresult                                  0x20000000   Data           4  main.o(.data)
    fstatus                                  0x20000004   Data           1  main.o(.data)
    gdistance                                0x20000008   Data           4  main.o(.data)
    gbytes                                   0x2000000c   Data           4  main.o(.data)
    .data                                    0x2000003c   Section       20  system_stm32f4xx.o(.data)
    .data                                    0x20000050   Section       16  stm32f4xx_rcc.o(.data)
    APBAHBPrescTable                         0x20000050   Data          16  stm32f4xx_rcc.o(.data)
    .data                                    0x20000060   Section        4  delay.o(.data)
    fac_us                                   0x20000060   Data           1  delay.o(.data)
    fac_ms                                   0x20000062   Data           2  delay.o(.data)
    .data                                    0x20000064   Section       12  usart.o(.data)
    .data                                    0x20000070   Section        4  lcd.o(.data)
    .data                                    0x20000074   Section       92  pid.o(.data)
    pid_delta                                0x200000cc   Data           4  pid.o(.data)
    .data                                    0x200000d0   Section        4  timer.o(.data)
    .data                                    0x200000d4   Section        4  hal_drivers.o(.data)
    fac_us                                   0x200000d4   Data           2  hal_drivers.o(.data)
    fac_ms                                   0x200000d6   Data           2  hal_drivers.o(.data)
    .data                                    0x200000d8   Section        1  menu_ui.o(.data)
    .bss                                     0x200000dc   Section      410  main.o(.bss)
    gcmd                                     0x200001f2   Data          32  main.o(.bss)
    .bss                                     0x20000276   Section       14  lcd.o(.bss)
    .bss                                     0x20000284   Section       12  pid.o(.bss)
    .bss                                     0x20000290   Section       96  libspace.o(.bss)
    HEAP                                     0x200002f0   Section      512  startup_stm32f40_41xxx.o(HEAP)
    Heap_Mem                                 0x200002f0   Data         512  startup_stm32f40_41xxx.o(HEAP)
    STACK                                    0x200004f0   Section     1024  startup_stm32f40_41xxx.o(STACK)
    Stack_Mem                                0x200004f0   Data        1024  startup_stm32f40_41xxx.o(STACK)
    __initial_sp                             0x200008f0   Data           0  startup_stm32f40_41xxx.o(STACK)

    Global Symbols

    Symbol Name                              Value     Ov Type        Size  Object(Section)

    BuildAttributes$$THM_ISAv4$E$P$D$K$B$S$7EM$VFPi3$EXTD16$VFPS$VFMA$PE$A:L22UL41UL21$X:L11$S22US41US21$IEEE1$IW$USESV6$~STKCKD$USESV7$~SHL$OTIME$ROPI$IEEEX$EBA8$UX$STANDARDLIB$REQ8$PRES8$EABIv2 0x00000000   Number         0  anon$$obj.o ABSOLUTE
    __ARM_use_no_argv                        0x00000000   Number         0  main.o ABSOLUTE
    _printf_flags                            0x00000000   Number         0  printf_stubs.o ABSOLUTE
    _printf_return_value                     0x00000000   Number         0  printf_stubs.o ABSOLUTE
    _printf_sizespec                         0x00000000   Number         0  printf_stubs.o ABSOLUTE
    _printf_widthprec                        0x00000000   Number         0  printf_stubs.o ABSOLUTE
    __ARM_exceptions_init                     - Undefined Weak Reference
    __alloca_initialize                       - Undefined Weak Reference
    __arm_fini_                               - Undefined Weak Reference
    __arm_preinit_                            - Undefined Weak Reference
    __cpp_initialize__aeabi_                  - Undefined Weak Reference
    __cxa_finalize                            - Undefined Weak Reference
    __sigvec_lookup                           - Undefined Weak Reference
    _atexit_init                              - Undefined Weak Reference
    _call_atexit_fns                          - Undefined Weak Reference
    _clock_init                               - Undefined Weak Reference
    _fp_trap_init                             - Undefined Weak Reference
    _fp_trap_shutdown                         - Undefined Weak Reference
    _get_lc_collate                           - Undefined Weak Reference
    _get_lc_monetary                          - Undefined Weak Reference
    _get_lc_time                              - Undefined Weak Reference
    _getenv_init                              - Undefined Weak Reference
    _handle_redirection                       - Undefined Weak Reference
    _init_alloc                               - Undefined Weak Reference
    _init_user_alloc                          - Undefined Weak Reference
    _initio                                   - Undefined Weak Reference
    _mutex_acquire                            - Undefined Weak Reference
    _mutex_release                            - Undefined Weak Reference
    _printf_mbtowc                            - Undefined Weak Reference
    _printf_post_padding                      - Undefined Weak Reference
    _printf_pre_padding                       - Undefined Weak Reference
    _printf_truncate_signed                   - Undefined Weak Reference
    _printf_truncate_unsigned                 - Undefined Weak Reference
    _rand_init                                - Undefined Weak Reference
    _signal_finish                            - Undefined Weak Reference
    _signal_init                              - Undefined Weak Reference
    _terminate_alloc                          - Undefined Weak Reference
    _terminate_user_alloc                     - Undefined Weak Reference
    _terminateio                              - Undefined Weak Reference
    __Vectors_Size                           0x00000188   Number         0  startup_stm32f40_41xxx.o ABSOLUTE
    __Vectors                                0x08000000   Data           4  startup_stm32f40_41xxx.o(RESET)
    __Vectors_End                            0x08000188   Data           0  startup_stm32f40_41xxx.o(RESET)
    __main                                   0x08000189   Thumb Code     8  __main.o(!!!main)
    __scatterload                            0x08000191   Thumb Code     0  __scatter.o(!!!scatter)
    __scatterload_rt2                        0x08000191   Thumb Code    44  __scatter.o(!!!scatter)
    __scatterload_rt2_thumb_only             0x08000191   Thumb Code     0  __scatter.o(!!!scatter)
    __scatterload_null                       0x0800019f   Thumb Code     0  __scatter.o(!!!scatter)
    __scatterload_copy                       0x080001c5   Thumb Code    26  __scatter_copy.o(!!handler_copy)
    __scatterload_zeroinit                   0x080001e1   Thumb Code    28  __scatter_zi.o(!!handler_zi)
    _printf_f                                0x080001fd   Thumb Code     0  _printf_f.o(.ARM.Collect$$_printf_percent$$00000003)
    _printf_percent                          0x080001fd   Thumb Code     0  _printf_percent.o(.ARM.Collect$$_printf_percent$$00000000)
    _printf_d                                0x08000203   Thumb Code     0  _printf_d.o(.ARM.Collect$$_printf_percent$$00000009)
    _printf_x                                0x08000209   Thumb Code     0  _printf_x.o(.ARM.Collect$$_printf_percent$$0000000C)
    _printf_s                                0x0800020f   Thumb Code     0  _printf_s.o(.ARM.Collect$$_printf_percent$$00000014)
    _printf_percent_end                      0x08000215   Thumb Code     0  _printf_percent_end.o(.ARM.Collect$$_printf_percent$$00000017)
    __rt_lib_init                            0x08000219   Thumb Code     0  libinit.o(.ARM.Collect$$libinit$$00000000)
    __rt_lib_init_fp_1                       0x0800021b   Thumb Code     0  libinit2.o(.ARM.Collect$$libinit$$00000001)
    __rt_lib_init_heap_1                     0x0800021f   Thumb Code     0  libinit2.o(.ARM.Collect$$libinit$$0000000A)
    __rt_lib_init_lc_common                  0x0800021f   Thumb Code     0  libinit2.o(.ARM.Collect$$libinit$$0000000F)
    __rt_lib_init_preinit_1                  0x0800021f   Thumb Code     0  libinit2.o(.ARM.Collect$$libinit$$00000004)
    __rt_lib_init_rand_1                     0x0800021f   Thumb Code     0  libinit2.o(.ARM.Collect$$libinit$$0000000E)
    __rt_lib_init_user_alloc_1               0x0800021f   Thumb Code     0  libinit2.o(.ARM.Collect$$libinit$$0000000C)
    __rt_lib_init_lc_collate_1               0x08000225   Thumb Code     0  libinit2.o(.ARM.Collect$$libinit$$00000011)
    __rt_lib_init_lc_ctype_2                 0x08000225   Thumb Code     0  libinit2.o(.ARM.Collect$$libinit$$00000012)
    __rt_lib_init_lc_ctype_1                 0x08000231   Thumb Code     0  libinit2.o(.ARM.Collect$$libinit$$00000013)
    __rt_lib_init_lc_monetary_1              0x08000231   Thumb Code     0  libinit2.o(.ARM.Collect$$libinit$$00000015)
    __rt_lib_init_lc_numeric_2               0x08000231   Thumb Code     0  libinit2.o(.ARM.Collect$$libinit$$00000016)
    __rt_lib_init_alloca_1                   0x0800023b   Thumb Code     0  libinit2.o(.ARM.Collect$$libinit$$0000002E)
    __rt_lib_init_argv_1                     0x0800023b   Thumb Code     0  libinit2.o(.ARM.Collect$$libinit$$0000002C)
    __rt_lib_init_atexit_1                   0x0800023b   Thumb Code     0  libinit2.o(.ARM.Collect$$libinit$$0000001B)
    __rt_lib_init_clock_1                    0x0800023b   Thumb Code     0  libinit2.o(.ARM.Collect$$libinit$$00000021)
    __rt_lib_init_cpp_1                      0x0800023b   Thumb Code     0  libinit2.o(.ARM.Collect$$libinit$$00000032)
    __rt_lib_init_exceptions_1               0x0800023b   Thumb Code     0  libinit2.o(.ARM.Collect$$libinit$$00000030)
    __rt_lib_init_fp_trap_1                  0x0800023b   Thumb Code     0  libinit2.o(.ARM.Collect$$libinit$$0000001F)
    __rt_lib_init_getenv_1                   0x0800023b   Thumb Code     0  libinit2.o(.ARM.Collect$$libinit$$00000023)
    __rt_lib_init_lc_numeric_1               0x0800023b   Thumb Code     0  libinit2.o(.ARM.Collect$$libinit$$00000017)
    __rt_lib_init_lc_time_1                  0x0800023b   Thumb Code     0  libinit2.o(.ARM.Collect$$libinit$$00000019)
    __rt_lib_init_return                     0x0800023b   Thumb Code     0  libinit2.o(.ARM.Collect$$libinit$$00000033)
    __rt_lib_init_signal_1                   0x0800023b   Thumb Code     0  libinit2.o(.ARM.Collect$$libinit$$0000001D)
    __rt_lib_init_stdio_1                    0x0800023b   Thumb Code     0  libinit2.o(.ARM.Collect$$libinit$$00000025)
    __rt_lib_shutdown                        0x0800023d   Thumb Code     0  libshutdown.o(.ARM.Collect$$libshutdown$$00000000)
    __rt_lib_shutdown_cpp_1                  0x0800023f   Thumb Code     0  libshutdown2.o(.ARM.Collect$$libshutdown$$00000004)
    __rt_lib_shutdown_fini_1                 0x0800023f   Thumb Code     0  libshutdown2.o(.ARM.Collect$$libshutdown$$00000002)
    __rt_lib_shutdown_fp_trap_1              0x0800023f   Thumb Code     0  libshutdown2.o(.ARM.Collect$$libshutdown$$00000009)
    __rt_lib_shutdown_heap_1                 0x0800023f   Thumb Code     0  libshutdown2.o(.ARM.Collect$$libshutdown$$00000011)
    __rt_lib_shutdown_return                 0x0800023f   Thumb Code     0  libshutdown2.o(.ARM.Collect$$libshutdown$$00000012)
    __rt_lib_shutdown_signal_1               0x0800023f   Thumb Code     0  libshutdown2.o(.ARM.Collect$$libshutdown$$0000000C)
    __rt_lib_shutdown_stdio_1                0x0800023f   Thumb Code     0  libshutdown2.o(.ARM.Collect$$libshutdown$$00000006)
    __rt_lib_shutdown_user_alloc_1           0x0800023f   Thumb Code     0  libshutdown2.o(.ARM.Collect$$libshutdown$$0000000E)
    __rt_entry                               0x08000241   Thumb Code     0  __rtentry.o(.ARM.Collect$$rtentry$$00000000)
    __rt_entry_presh_1                       0x08000241   Thumb Code     0  __rtentry2.o(.ARM.Collect$$rtentry$$00000002)
    __rt_entry_sh                            0x08000241   Thumb Code     0  __rtentry4.o(.ARM.Collect$$rtentry$$00000004)
    __rt_entry_li                            0x08000247   Thumb Code     0  __rtentry2.o(.ARM.Collect$$rtentry$$0000000A)
    __rt_entry_postsh_1                      0x08000247   Thumb Code     0  __rtentry2.o(.ARM.Collect$$rtentry$$00000009)
    __rt_entry_main                          0x0800024b   Thumb Code     0  __rtentry2.o(.ARM.Collect$$rtentry$$0000000D)
    __rt_entry_postli_1                      0x0800024b   Thumb Code     0  __rtentry2.o(.ARM.Collect$$rtentry$$0000000C)
    __rt_exit                                0x08000253   Thumb Code     0  rtexit.o(.ARM.Collect$$rtexit$$00000000)
    __rt_exit_ls                             0x08000255   Thumb Code     0  rtexit2.o(.ARM.Collect$$rtexit$$00000003)
    __rt_exit_prels_1                        0x08000255   Thumb Code     0  rtexit2.o(.ARM.Collect$$rtexit$$00000002)
    __rt_exit_exit                           0x08000259   Thumb Code     0  rtexit2.o(.ARM.Collect$$rtexit$$00000004)
    Reset_Handler                            0x08000261   Thumb Code     8  startup_stm32f40_41xxx.o(.text)
    ADC_IRQHandler                           0x0800027b   Thumb Code     0  startup_stm32f40_41xxx.o(.text)
    CAN1_RX0_IRQHandler                      0x0800027b   Thumb Code     0  startup_stm32f40_41xxx.o(.text)
    CAN1_RX1_IRQHandler                      0x0800027b   Thumb Code     0  startup_stm32f40_41xxx.o(.text)
    CAN1_SCE_IRQHandler                      0x0800027b   Thumb Code     0  startup_stm32f40_41xxx.o(.text)
    CAN1_TX_IRQHandler                       0x0800027b   Thumb Code     0  startup_stm32f40_41xxx.o(.text)
    CAN2_RX0_IRQHandler                      0x0800027b   Thumb Code     0  startup_stm32f40_41xxx.o(.text)
    CAN2_RX1_IRQHandler                      0x0800027b   Thumb Code     0  startup_stm32f40_41xxx.o(.text)
    CAN2_SCE_IRQHandler                      0x0800027b   Thumb Code     0  startup_stm32f40_41xxx.o(.text)
    CAN2_TX_IRQHandler                       0x0800027b   Thumb Code     0  startup_stm32f40_41xxx.o(.text)
    CRYP_IRQHandler                          0x0800027b   Thumb Code     0  startup_stm32f40_41xxx.o(.text)
    DCMI_IRQHandler                          0x0800027b   Thumb Code     0  startup_stm32f40_41xxx.o(.text)
    DMA1_Stream0_IRQHandler                  0x0800027b   Thumb Code     0  startup_stm32f40_41xxx.o(.text)
    DMA1_Stream1_IRQHandler                  0x0800027b   Thumb Code     0  startup_stm32f40_41xxx.o(.text)
    DMA1_Stream2_IRQHandler                  0x0800027b   Thumb Code     0  startup_stm32f40_41xxx.o(.text)
    DMA1_Stream3_IRQHandler                  0x0800027b   Thumb Code     0  startup_stm32f40_41xxx.o(.text)
    DMA1_Stream4_IRQHandler                  0x0800027b   Thumb Code     0  startup_stm32f40_41xxx.o(.text)
    DMA1_Stream5_IRQHandler                  0x0800027b   Thumb Code     0  startup_stm32f40_41xxx.o(.text)
    DMA1_Stream6_IRQHandler                  0x0800027b   Thumb Code     0  startup_stm32f40_41xxx.o(.text)
    DMA1_Stream7_IRQHandler                  0x0800027b   Thumb Code     0  startup_stm32f40_41xxx.o(.text)
    DMA2_Stream0_IRQHandler                  0x0800027b   Thumb Code     0  startup_stm32f40_41xxx.o(.text)
    DMA2_Stream1_IRQHandler                  0x0800027b   Thumb Code     0  startup_stm32f40_41xxx.o(.text)
    DMA2_Stream2_IRQHandler                  0x0800027b   Thumb Code     0  startup_stm32f40_41xxx.o(.text)
    DMA2_Stream3_IRQHandler                  0x0800027b   Thumb Code     0  startup_stm32f40_41xxx.o(.text)
    DMA2_Stream4_IRQHandler                  0x0800027b   Thumb Code     0  startup_stm32f40_41xxx.o(.text)
    DMA2_Stream5_IRQHandler                  0x0800027b   Thumb Code     0  startup_stm32f40_41xxx.o(.text)
    DMA2_Stream6_IRQHandler                  0x0800027b   Thumb Code     0  startup_stm32f40_41xxx.o(.text)
    DMA2_Stream7_IRQHandler                  0x0800027b   Thumb Code     0  startup_stm32f40_41xxx.o(.text)
    ETH_IRQHandler                           0x0800027b   Thumb Code     0  startup_stm32f40_41xxx.o(.text)
    ETH_WKUP_IRQHandler                      0x0800027b   Thumb Code     0  startup_stm32f40_41xxx.o(.text)
    EXTI0_IRQHandler                         0x0800027b   Thumb Code     0  startup_stm32f40_41xxx.o(.text)
    EXTI15_10_IRQHandler                     0x0800027b   Thumb Code     0  startup_stm32f40_41xxx.o(.text)
    EXTI1_IRQHandler                         0x0800027b   Thumb Code     0  startup_stm32f40_41xxx.o(.text)
    EXTI2_IRQHandler                         0x0800027b   Thumb Code     0  startup_stm32f40_41xxx.o(.text)
    EXTI3_IRQHandler                         0x0800027b   Thumb Code     0  startup_stm32f40_41xxx.o(.text)
    EXTI4_IRQHandler                         0x0800027b   Thumb Code     0  startup_stm32f40_41xxx.o(.text)
    EXTI9_5_IRQHandler                       0x0800027b   Thumb Code     0  startup_stm32f40_41xxx.o(.text)
    FLASH_IRQHandler                         0x0800027b   Thumb Code     0  startup_stm32f40_41xxx.o(.text)
    FPU_IRQHandler                           0x0800027b   Thumb Code     0  startup_stm32f40_41xxx.o(.text)
    FSMC_IRQHandler                          0x0800027b   Thumb Code     0  startup_stm32f40_41xxx.o(.text)
    HASH_RNG_IRQHandler                      0x0800027b   Thumb Code     0  startup_stm32f40_41xxx.o(.text)
    I2C1_ER_IRQHandler                       0x0800027b   Thumb Code     0  startup_stm32f40_41xxx.o(.text)
    I2C1_EV_IRQHandler                       0x0800027b   Thumb Code     0  startup_stm32f40_41xxx.o(.text)
    I2C2_ER_IRQHandler                       0x0800027b   Thumb Code     0  startup_stm32f40_41xxx.o(.text)
    I2C2_EV_IRQHandler                       0x0800027b   Thumb Code     0  startup_stm32f40_41xxx.o(.text)
    I2C3_ER_IRQHandler                       0x0800027b   Thumb Code     0  startup_stm32f40_41xxx.o(.text)
    I2C3_EV_IRQHandler                       0x0800027b   Thumb Code     0  startup_stm32f40_41xxx.o(.text)
    OTG_FS_IRQHandler                        0x0800027b   Thumb Code     0  startup_stm32f40_41xxx.o(.text)
    OTG_FS_WKUP_IRQHandler                   0x0800027b   Thumb Code     0  startup_stm32f40_41xxx.o(.text)
    OTG_HS_EP1_IN_IRQHandler                 0x0800027b   Thumb Code     0  startup_stm32f40_41xxx.o(.text)
    OTG_HS_EP1_OUT_IRQHandler                0x0800027b   Thumb Code     0  startup_stm32f40_41xxx.o(.text)
    OTG_HS_IRQHandler                        0x0800027b   Thumb Code     0  startup_stm32f40_41xxx.o(.text)
    OTG_HS_WKUP_IRQHandler                   0x0800027b   Thumb Code     0  startup_stm32f40_41xxx.o(.text)
    PVD_IRQHandler                           0x0800027b   Thumb Code     0  startup_stm32f40_41xxx.o(.text)
    RCC_IRQHandler                           0x0800027b   Thumb Code     0  startup_stm32f40_41xxx.o(.text)
    RTC_Alarm_IRQHandler                     0x0800027b   Thumb Code     0  startup_stm32f40_41xxx.o(.text)
    RTC_WKUP_IRQHandler                      0x0800027b   Thumb Code     0  startup_stm32f40_41xxx.o(.text)
    SDIO_IRQHandler                          0x0800027b   Thumb Code     0  startup_stm32f40_41xxx.o(.text)
    SPI1_IRQHandler                          0x0800027b   Thumb Code     0  startup_stm32f40_41xxx.o(.text)
    SPI2_IRQHandler                          0x0800027b   Thumb Code     0  startup_stm32f40_41xxx.o(.text)
    SPI3_IRQHandler                          0x0800027b   Thumb Code     0  startup_stm32f40_41xxx.o(.text)
    TAMP_STAMP_IRQHandler                    0x0800027b   Thumb Code     0  startup_stm32f40_41xxx.o(.text)
    TIM1_BRK_TIM9_IRQHandler                 0x0800027b   Thumb Code     0  startup_stm32f40_41xxx.o(.text)
    TIM1_CC_IRQHandler                       0x0800027b   Thumb Code     0  startup_stm32f40_41xxx.o(.text)
    TIM1_TRG_COM_TIM11_IRQHandler            0x0800027b   Thumb Code     0  startup_stm32f40_41xxx.o(.text)
    TIM1_UP_TIM10_IRQHandler                 0x0800027b   Thumb Code     0  startup_stm32f40_41xxx.o(.text)
    TIM2_IRQHandler                          0x0800027b   Thumb Code     0  startup_stm32f40_41xxx.o(.text)
    TIM4_IRQHandler                          0x0800027b   Thumb Code     0  startup_stm32f40_41xxx.o(.text)
    TIM7_IRQHandler                          0x0800027b   Thumb Code     0  startup_stm32f40_41xxx.o(.text)
    TIM8_BRK_TIM12_IRQHandler                0x0800027b   Thumb Code     0  startup_stm32f40_41xxx.o(.text)
    TIM8_CC_IRQHandler                       0x0800027b   Thumb Code     0  startup_stm32f40_41xxx.o(.text)
    TIM8_TRG_COM_TIM14_IRQHandler            0x0800027b   Thumb Code     0  startup_stm32f40_41xxx.o(.text)
    TIM8_UP_TIM13_IRQHandler                 0x0800027b   Thumb Code     0  startup_stm32f40_41xxx.o(.text)
    UART4_IRQHandler                         0x0800027b   Thumb Code     0  startup_stm32f40_41xxx.o(.text)
    UART5_IRQHandler                         0x0800027b   Thumb Code     0  startup_stm32f40_41xxx.o(.text)
    USART2_IRQHandler                        0x0800027b   Thumb Code     0  startup_stm32f40_41xxx.o(.text)
    USART3_IRQHandler                        0x0800027b   Thumb Code     0  startup_stm32f40_41xxx.o(.text)
    WWDG_IRQHandler                          0x0800027b   Thumb Code     0  startup_stm32f40_41xxx.o(.text)
    __user_initial_stackheap                 0x0800027d   Thumb Code     0  startup_stm32f40_41xxx.o(.text)
    __use_no_semihosting                     0x080002a1   Thumb Code     2  use_no_semi_2.o(.text)
    __2printf                                0x080002a5   Thumb Code    20  noretval__2printf.o(.text)
    __2sprintf                               0x080002bd   Thumb Code    34  noretval__2sprintf.o(.text)
    _printf_str                              0x080002e5   Thumb Code    82  _printf_str.o(.text)
    _printf_int_dec                          0x08000339   Thumb Code   104  _printf_dec.o(.text)
    _printf_int_hex                          0x080003b1   Thumb Code    84  _printf_hex_int.o(.text)
    _printf_longlong_hex                     0x080003b1   Thumb Code     0  _printf_hex_int.o(.text)
    __printf                                 0x08000409   Thumb Code   270  __printf_wp.o(.text)
    strchr                                   0x08000517   Thumb Code    20  strchr.o(.text)
    strlen                                   0x0800052b   Thumb Code    62  strlen.o(.text)
    __aeabi_memclr                           0x08000569   Thumb Code     0  rt_memclr.o(.text)
    __rt_memclr                              0x08000569   Thumb Code    68  rt_memclr.o(.text)
    _memset                                  0x0800056d   Thumb Code     0  rt_memclr.o(.text)
    __aeabi_memclr4                          0x080005ad   Thumb Code     0  rt_memclr_w.o(.text)
    __aeabi_memclr8                          0x080005ad   Thumb Code     0  rt_memclr_w.o(.text)
    __rt_memclr_w                            0x080005ad   Thumb Code    78  rt_memclr_w.o(.text)
    _memset_w                                0x080005b1   Thumb Code     0  rt_memclr_w.o(.text)
    __use_two_region_memory                  0x080005fb   Thumb Code     2  heapauxi.o(.text)
    __rt_heap_escrow$2region                 0x080005fd   Thumb Code     2  heapauxi.o(.text)
    __rt_heap_expand$2region                 0x080005ff   Thumb Code     2  heapauxi.o(.text)
    __I$use$semihosting                      0x08000601   Thumb Code     0  use_no_semi.o(.text)
    __use_no_semihosting_swi                 0x08000601   Thumb Code     2  use_no_semi.o(.text)
    _printf_int_common                       0x08000603   Thumb Code   178  _printf_intcommon.o(.text)
    __lib_sel_fp_printf                      0x080006b5   Thumb Code     2  _printf_fp_dec.o(.text)
    _printf_fp_dec_real                      0x08000867   Thumb Code   620  _printf_fp_dec.o(.text)
    _printf_char_common                      0x08000adf   Thumb Code    32  _printf_char_common.o(.text)
    _sputc                                   0x08000b05   Thumb Code    10  _sputc.o(.text)
    _printf_cs_common                        0x08000b0f   Thumb Code    20  _printf_char.o(.text)
    _printf_char                             0x08000b23   Thumb Code    16  _printf_char.o(.text)
    _printf_string                           0x08000b33   Thumb Code     8  _printf_char.o(.text)
    _printf_char_file                        0x08000b3d   Thumb Code    32  _printf_char_file.o(.text)
    __strtof_int                             0x08000b61   Thumb Code    26  strtof.o(.text)
    __rt_locale                              0x08000b7d   Thumb Code     8  rt_locale_intlibspace.o(.text)
    _ll_udiv10                               0x08000b85   Thumb Code   138  lludiv10.o(.text)
    _printf_fp_infnan                        0x08000c11   Thumb Code   112  _printf_fp_infnan.o(.text)
    __strtod_int                             0x08000ccd   Thumb Code    90  strtod.o(.text)
    _btod_etento                             0x08000d35   Thumb Code   224  bigflt0.o(.text)
    ferror                                   0x08000e19   Thumb Code     8  ferror.o(.text)
    __user_libspace                          0x08000e21   Thumb Code     8  libspace.o(.text)
    __user_perproc_libspace                  0x08000e21   Thumb Code     0  libspace.o(.text)
    __user_perthread_libspace                0x08000e21   Thumb Code     0  libspace.o(.text)
    __user_setup_stackheap                   0x08000e29   Thumb Code    74  sys_stackheap_outer.o(.text)
    __read_errno                             0x08000e73   Thumb Code    10  _rserrno.o(.text)
    __set_errno                              0x08000e7d   Thumb Code    12  _rserrno.o(.text)
    isspace                                  0x08000e89   Thumb Code    18  isspace.o(.text)
    _sgetc                                   0x08000e9b   Thumb Code    30  _sgetc.o(.text)
    _sbackspace                              0x08000eb9   Thumb Code    34  _sgetc.o(.text)
    exit                                     0x08000edb   Thumb Code    18  exit.o(.text)
    strcmp                                   0x08000eed   Thumb Code   128  strcmpv7m.o(.text)
    __rt_ctype_table                         0x08000f6d   Thumb Code    16  rt_ctype_table.o(.text)
    __aeabi_errno_addr                       0x08000f7d   Thumb Code     8  rt_errno_addr_intlibspace.o(.text)
    __errno$intlibspace                      0x08000f7d   Thumb Code     0  rt_errno_addr_intlibspace.o(.text)
    __rt_errno_addr$intlibspace              0x08000f7d   Thumb Code     0  rt_errno_addr_intlibspace.o(.text)
    _scanf_really_real                       0x080011d1   Thumb Code   684  scanf_fp.o(.text)
    _scanf_really_hex_real                   0x0800147d   Thumb Code   786  scanf_hexfp.o(.text)
    _scanf_really_infnan                     0x0800179d   Thumb Code   292  scanf_infnan.o(.text)
    __aeabi_llsl                             0x080018d1   Thumb Code     0  llshl.o(.text)
    _ll_shift_l                              0x080018d1   Thumb Code    38  llshl.o(.text)
    _chval                                   0x080018f7   Thumb Code    28  _chval.o(.text)
    _btod_d2e                                0x08001913   Thumb Code    62  btod.o(CL$$btod_d2e)
    _d2e_denorm_low                          0x08001951   Thumb Code    70  btod.o(CL$$btod_d2e_denorm_low)
    _d2e_norm_op1                            0x08001997   Thumb Code    96  btod.o(CL$$btod_d2e_norm_op1)
    __btod_div_common                        0x080019f7   Thumb Code   696  btod.o(CL$$btod_div_common)
    _e2d                                     0x08001d31   Thumb Code   122  btod.o(CL$$btod_e2d)
    _e2e                                     0x08001db5   Thumb Code   220  btod.o(CL$$btod_e2e)
    _btod_ediv                               0x08001e91   Thumb Code    42  btod.o(CL$$btod_ediv)
    _btod_edivd                              0x08001ebb   Thumb Code    42  btod.o(CL$$btod_edivd)
    _btod_emul                               0x08001ee5   Thumb Code    42  btod.o(CL$$btod_emul)
    _btod_emuld                              0x08001f0f   Thumb Code    42  btod.o(CL$$btod_emuld)
    __btod_mult_common                       0x08001f39   Thumb Code   580  btod.o(CL$$btod_mult_common)
    BusFault_Handler                         0x0800217d   Thumb Code     4  stm32f4xx_it.o(i.BusFault_Handler)
    Check_Menu                               0x08002181   Thumb Code    74  menu_ui.o(i.Check_Menu)
    Clear_L1Mod_Usart                        0x080021cd   Thumb Code    30  main.o(i.Clear_L1Mod_Usart)
    DebugMon_Handler                         0x080021f1   Thumb Code     2  stm32f4xx_it.o(i.DebugMon_Handler)
    E5_Init                                  0x080021f5   Thumb Code    48  main.o(i.E5_Init)
    FSMC_NORSRAMCmd                          0x08002229   Thumb Code    46  stm32f4xx_fsmc.o(i.FSMC_NORSRAMCmd)
    FSMC_NORSRAMInit                         0x0800225d   Thumb Code   230  stm32f4xx_fsmc.o(i.FSMC_NORSRAMInit)
    Fast_Conti_Meas_Cmd                      0x08002345   Thumb Code    28  asciiprotocol.o(i.Fast_Conti_Meas_Cmd)
    GPIO_Init                                0x08002371   Thumb Code   144  stm32f4xx_gpio.o(i.GPIO_Init)
    GPIO_PinAFConfig                         0x08002401   Thumb Code    70  stm32f4xx_gpio.o(i.GPIO_PinAFConfig)
    GPIO_ReadInputDataBit                    0x08002447   Thumb Code    18  stm32f4xx_gpio.o(i.GPIO_ReadInputDataBit)
    GPIO_ResetBits                           0x08002459   Thumb Code     4  stm32f4xx_gpio.o(i.GPIO_ResetBits)
    HardFault_Handler                        0x0800245d   Thumb Code     4  stm32f4xx_it.o(i.HardFault_Handler)
    Init_Debug_Usart                         0x08002461   Thumb Code   174  hal_drivers.o(i.Init_Debug_Usart)
    Init_Drivers                             0x08002519   Thumb Code    16  hal_drivers.o(i.Init_Drivers)
    Init_L1_Usart                            0x08002529   Thumb Code   200  hal_drivers.o(i.Init_L1_Usart)
    Init_SysTick                             0x080025f9   Thumb Code    50  hal_drivers.o(i.Init_SysTick)
    Key_Init                                 0x0800263d   Thumb Code    54  key.o(i.Key_Init)
    Key_Read                                 0x0800267d   Thumb Code    36  key.o(i.Key_Read)
    LCD_Clear                                0x080026a1   Thumb Code   100  lcd.o(i.LCD_Clear)
    LCD_Display_Dir                          0x0800270d   Thumb Code   444  lcd.o(i.LCD_Display_Dir)
    LCD_Fast_DrawPoint                       0x080028cd   Thumb Code   374  lcd.o(i.LCD_Fast_DrawPoint)
    LCD_Init                                 0x08002a4d   Thumb Code 14696  lcd.o(i.LCD_Init)
    LCD_Pow                                  0x080063bd   Thumb Code    22  lcd.o(i.LCD_Pow)
    LCD_RD_DATA                              0x080063d5   Thumb Code    14  lcd.o(i.LCD_RD_DATA)
    LCD_ReadReg                              0x080063e9   Thumb Code    22  lcd.o(i.LCD_ReadReg)
    LCD_SSD_BackLightSet                     0x08006401   Thumb Code    88  lcd.o(i.LCD_SSD_BackLightSet)
    LCD_Scan_Dir                             0x08006461   Thumb Code   744  lcd.o(i.LCD_Scan_Dir)
    LCD_SetCursor                            0x0800674d   Thumb Code   418  lcd.o(i.LCD_SetCursor)
    LCD_ShowChar                             0x080068f5   Thumb Code   288  lcd.o(i.LCD_ShowChar)
    LCD_ShowNum                              0x08006a31   Thumb Code   148  lcd.o(i.LCD_ShowNum)
    LCD_ShowString                           0x08006ac5   Thumb Code   102  lcd.o(i.LCD_ShowString)
    LCD_WR_DATA                              0x08006b2d   Thumb Code    18  lcd.o(i.LCD_WR_DATA)
    LCD_WR_REG                               0x08006b45   Thumb Code    18  lcd.o(i.LCD_WR_REG)
    LCD_WriteRAM_Prepare                     0x08006b5d   Thumb Code    10  lcd.o(i.LCD_WriteRAM_Prepare)
    LCD_WriteReg                             0x08006b71   Thumb Code    14  lcd.o(i.LCD_WriteReg)
    MemManage_Handler                        0x08006b85   Thumb Code     4  stm32f4xx_it.o(i.MemManage_Handler)
    Menu_Init                                0x08006b89   Thumb Code   154  menu_ui.o(i.Menu_Init)
    Menu_Task_1_2                            0x08006c89   Thumb Code   236  menu_ui.o(i.Menu_Task_1_2)
    Menu_Task_3                              0x08006df1   Thumb Code   384  menu_ui.o(i.Menu_Task_3)
    Menu_Task_4                              0x08006ffd   Thumb Code   236  menu_ui.o(i.Menu_Task_4)
    Menu_Task_6                              0x08007161   Thumb Code   272  menu_ui.o(i.Menu_Task_6)
    Menu_Task_Choose                         0x080072ed   Thumb Code   152  menu_ui.o(i.Menu_Task_Choose)
    NMI_Handler                              0x080073f1   Thumb Code     2  stm32f4xx_it.o(i.NMI_Handler)
    NVIC_Init                                0x080073f5   Thumb Code   106  misc.o(i.NVIC_Init)
    NVIC_PriorityGroupConfig                 0x0800746d   Thumb Code    10  misc.o(i.NVIC_PriorityGroupConfig)
    PendSV_Handler                           0x08007481   Thumb Code     2  stm32f4xx_it.o(i.PendSV_Handler)
    RCC_AHB1PeriphClockCmd                   0x08007485   Thumb Code    26  stm32f4xx_rcc.o(i.RCC_AHB1PeriphClockCmd)
    RCC_AHB3PeriphClockCmd                   0x080074a5   Thumb Code    26  stm32f4xx_rcc.o(i.RCC_AHB3PeriphClockCmd)
    RCC_APB1PeriphClockCmd                   0x080074c5   Thumb Code    26  stm32f4xx_rcc.o(i.RCC_APB1PeriphClockCmd)
    RCC_APB2PeriphClockCmd                   0x080074e5   Thumb Code    26  stm32f4xx_rcc.o(i.RCC_APB2PeriphClockCmd)
    RCC_GetClocksFreq                        0x08007505   Thumb Code   214  stm32f4xx_rcc.o(i.RCC_GetClocksFreq)
    Read_Key_Signle                          0x080075ed   Thumb Code    64  key.o(i.Read_Key_Signle)
    Read_Switch_single_Pin                   0x08007635   Thumb Code    66  switch.o(i.Read_Switch_single_Pin)
    SVC_Handler                              0x08007685   Thumb Code     2  stm32f4xx_it.o(i.SVC_Handler)
    Switch_Init                              0x08007775   Thumb Code    80  switch.o(i.Switch_Init)
    Switch_read                              0x080077d1   Thumb Code    36  switch.o(i.Switch_read)
    SysTick_CLKSourceConfig                  0x080077f5   Thumb Code    40  misc.o(i.SysTick_CLKSourceConfig)
    SysTick_Handler                          0x0800781d   Thumb Code     2  stm32f4xx_it.o(i.SysTick_Handler)
    SystemInit                               0x08007821   Thumb Code    88  system_stm32f4xx.o(i.SystemInit)
    TIM11_PWM_Init                           0x08007889   Thumb Code   142  pwm.o(i.TIM11_PWM_Init)
    TIM3_IRQHandler                          0x08007921   Thumb Code    50  timer.o(i.TIM3_IRQHandler)
    TIM3_Init                                0x08007971   Thumb Code    84  timer.o(i.TIM3_Init)
    TIM5_IRQHandler                          0x080079c9   Thumb Code   236  timer.o(i.TIM5_IRQHandler)
    TIM5_calc_init                           0x08007af9   Thumb Code    86  timer.o(i.TIM5_calc_init)
    TIM6_DAC_IRQHandler                      0x08007b55   Thumb Code    34  menu_ui.o(i.TIM6_DAC_IRQHandler)
    TIM6_Init                                0x08007b7d   Thumb Code    88  timer.o(i.TIM6_Init)
    TIM_ARRPreloadConfig                     0x08007bd9   Thumb Code    24  stm32f4xx_tim.o(i.TIM_ARRPreloadConfig)
    TIM_ClearITPendingBit                    0x08007bf1   Thumb Code     6  stm32f4xx_tim.o(i.TIM_ClearITPendingBit)
    TIM_Cmd                                  0x08007bf7   Thumb Code    24  stm32f4xx_tim.o(i.TIM_Cmd)
    TIM_GetITStatus                          0x08007c0f   Thumb Code    34  stm32f4xx_tim.o(i.TIM_GetITStatus)
    TIM_ITConfig                             0x08007c31   Thumb Code    18  stm32f4xx_tim.o(i.TIM_ITConfig)
    TIM_OC1Init                              0x08007c45   Thumb Code   114  stm32f4xx_tim.o(i.TIM_OC1Init)
    TIM_SetCompare1                          0x08007cc1   Thumb Code     4  stm32f4xx_tim.o(i.TIM_SetCompare1)
    TIM_TimeBaseInit                         0x08007cc5   Thumb Code   104  stm32f4xx_tim.o(i.TIM_TimeBaseInit)
    Task1_2                                  0x08007d49   Thumb Code    76  main.o(i.Task1_2)
    Task3                                    0x08007db1   Thumb Code   182  main.o(i.Task3)
    Task4                                    0x08007e81   Thumb Code    42  main.o(i.Task4)
    Task6                                    0x08007ebd   Thumb Code   146  main.o(i.Task6)
    Task_Choose                              0x08007f69   Thumb Code    84  main.o(i.Task_Choose)
    USART1_IRQHandler                        0x08007fcd   Thumb Code    58  main.o(i.USART1_IRQHandler)
    USART6_IRQHandler                        0x08008011   Thumb Code   344  main.o(i.USART6_IRQHandler)
    USART_ClearFlag                          0x080081ad   Thumb Code    18  stm32f4xx_usart.o(i.USART_ClearFlag)
    USART_ClearITPendingBit                  0x080081bf   Thumb Code    30  stm32f4xx_usart.o(i.USART_ClearITPendingBit)
    USART_Cmd                                0x080081dd   Thumb Code    24  stm32f4xx_usart.o(i.USART_Cmd)
    USART_GetFlagStatus                      0x080081f5   Thumb Code    26  stm32f4xx_usart.o(i.USART_GetFlagStatus)
    USART_GetITStatus                        0x0800820f   Thumb Code    84  stm32f4xx_usart.o(i.USART_GetITStatus)
    USART_ITConfig                           0x08008263   Thumb Code    74  stm32f4xx_usart.o(i.USART_ITConfig)
    USART_Init                               0x080082ad   Thumb Code   204  stm32f4xx_usart.o(i.USART_Init)
    USART_ReceiveData                        0x08008381   Thumb Code    10  stm32f4xx_usart.o(i.USART_ReceiveData)
    USART_SendData                           0x0800838b   Thumb Code     8  stm32f4xx_usart.o(i.USART_SendData)
    UsageFault_Handler                       0x08008393   Thumb Code     4  stm32f4xx_it.o(i.UsageFault_Handler)
    Usart_Write_Bytes                        0x08008397   Thumb Code    48  hal_drivers.o(i.Usart_Write_Bytes)
    __ARM_fpclassify                         0x080083c7   Thumb Code    48  fpclassify.o(i.__ARM_fpclassify)
    __hardfp___mathlib_tofloat               0x080083f9   Thumb Code   232  narrow.o(i.__hardfp___mathlib_tofloat)
    __hardfp_ldexp                           0x080084f1   Thumb Code   200  ldexp.o(i.__hardfp_ldexp)
    __hardfp_strtof                          0x080085c1   Thumb Code    26  strtof.o(i.__hardfp_strtof)
    __mathlib_dbl_overflow                   0x080085e1   Thumb Code    24  dunder.o(i.__mathlib_dbl_overflow)
    __mathlib_dbl_underflow                  0x08008601   Thumb Code    24  dunder.o(i.__mathlib_dbl_underflow)
    __mathlib_narrow                         0x08008621   Thumb Code    18  narrow.o(i.__mathlib_narrow)
    __support_ldexp                          0x08008633   Thumb Code    20  ldexp.o(i.__support_ldexp)
    _is_digit                                0x08008647   Thumb Code    14  __printf_wp.o(i._is_digit)
    _sys_exit                                0x08008655   Thumb Code     4  usart.o(i._sys_exit)
    delay_init                               0x08008659   Thumb Code    52  delay.o(i.delay_init)
    delay_ms                                 0x08008695   Thumb Code    56  delay.o(i.delay_ms)
    delay_us                                 0x080086cd   Thumb Code    72  delay.o(i.delay_us)
    delay_xms                                0x08008719   Thumb Code    72  delay.o(i.delay_xms)
    fputc                                    0x08008765   Thumb Code    22  usart.o(i.fputc)
    frexp                                    0x08008781   Thumb Code   118  frexp.o(i.frexp)
    main                                     0x0800880d   Thumb Code   102  main.o(i.main)
    pid_location                             0x08008881   Thumb Code   350  pid.o(i.pid_location)
    _get_lc_numeric                          0x08008a11   Thumb Code    44  lc_numeric_c.o(locale$$code)
    _get_lc_ctype                            0x08008a3d   Thumb Code    44  lc_ctype_c.o(locale$$code)
    __aeabi_d2f                              0x08008a69   Thumb Code     0  d2f.o(x$fpl$d2f)
    _d2f                                     0x08008a69   Thumb Code    98  d2f.o(x$fpl$d2f)
    __fpl_dcheck_NaN1                        0x08008acd   Thumb Code    10  dcheck1.o(x$fpl$dcheck1)
    __fpl_dcmp_Inf                           0x08008add   Thumb Code    24  dcmpi.o(x$fpl$dcmpinf)
    __aeabi_ddiv                             0x08008af5   Thumb Code     0  ddiv.o(x$fpl$ddiv)
    _ddiv                                    0x08008af5   Thumb Code   552  ddiv.o(x$fpl$ddiv)
    __aeabi_cdcmpeq                          0x08008da5   Thumb Code     0  deqf.o(x$fpl$deqf)
    _dcmpeq                                  0x08008da5   Thumb Code   120  deqf.o(x$fpl$deqf)
    __aeabi_d2uiz                            0x08008e1d   Thumb Code     0  dfixu.o(x$fpl$dfixu)
    _dfixu                                   0x08008e1d   Thumb Code    90  dfixu.o(x$fpl$dfixu)
    __aeabi_ui2d                             0x08008e77   Thumb Code     0  dflt_clz.o(x$fpl$dfltu)
    _dfltu                                   0x08008e77   Thumb Code    38  dflt_clz.o(x$fpl$dfltu)
    __aeabi_cdcmple                          0x08008e9d   Thumb Code     0  dleqf.o(x$fpl$dleqf)
    _dcmple                                  0x08008e9d   Thumb Code   120  dleqf.o(x$fpl$dleqf)
    __fpl_dcmple_InfNaN                      0x08008eff   Thumb Code     0  dleqf.o(x$fpl$dleqf)
    __aeabi_dmul                             0x08008f15   Thumb Code     0  dmul.o(x$fpl$dmul)
    _dmul                                    0x08008f15   Thumb Code   332  dmul.o(x$fpl$dmul)
    __fpl_dnaninf                            0x08009069   Thumb Code   156  dnaninf.o(x$fpl$dnaninf)
    __fpl_dretinf                            0x08009105   Thumb Code    12  dretinf.o(x$fpl$dretinf)
    __aeabi_cdrcmple                         0x08009111   Thumb Code     0  drleqf.o(x$fpl$drleqf)
    _drcmple                                 0x08009111   Thumb Code   108  drleqf.o(x$fpl$drleqf)
    __aeabi_f2d                              0x0800917d   Thumb Code     0  f2d.o(x$fpl$f2d)
    _f2d                                     0x0800917d   Thumb Code    86  f2d.o(x$fpl$f2d)
    __fpl_fnaninf                            0x080091d3   Thumb Code   140  fnaninf.o(x$fpl$fnaninf)
    _fp_init                                 0x0800925f   Thumb Code    10  fpinit.o(x$fpl$fpinit)
    __fplib_config_fpu_vfp                   0x08009267   Thumb Code     0  fpinit.o(x$fpl$fpinit)
    __fplib_config_pureend_doubles           0x08009267   Thumb Code     0  fpinit.o(x$fpl$fpinit)
    __fpl_fretinf                            0x08009269   Thumb Code    10  fretinf.o(x$fpl$fretinf)
    __ieee_status                            0x08009273   Thumb Code     6  istatus.o(x$fpl$ieeestatus)
    _printf_fp_dec                           0x08009279   Thumb Code     4  printf1.o(x$fpl$printf1)
    __fpl_return_NaN                         0x0800927d   Thumb Code   100  retnan.o(x$fpl$retnan)
    __ARM_scalbn                             0x080092e1   Thumb Code    92  scalbn.o(x$fpl$scalbn)
    _scanf_real                              0x0800933d   Thumb Code     4  scanf1.o(x$fpl$scanf1)
    _scanf_hex_real                          0x08009341   Thumb Code     4  scanf2.o(x$fpl$scanf2)
    _scanf_infnan                            0x08009345   Thumb Code     4  scanf2.o(x$fpl$scanf2)
    __fpl_cmpreturn                          0x08009349   Thumb Code    48  trapv.o(x$fpl$trapveneer)
    __I$use$fp                               0x08009378   Number         0  usenofp.o(x$fpl$usenofp)
    asc2_1206                                0x08009378   Data        1140  lcd.o(.constdata)
    asc2_1608                                0x080097ec   Data        1520  lcd.o(.constdata)
    asc2_2412                                0x08009ddc   Data        3420  lcd.o(.constdata)
    asc2_3216                                0x0800ab38   Data       12160  lcd.o(.constdata)
    Region$$Table$$Base                      0x0800db74   Number         0  anon$$obj.o(Region$$Table)
    Region$$Table$$Limit                     0x0800db94   Number         0  anon$$obj.o(Region$$Table)
    __aeabi_HUGE_VAL                         0x0800db94   Data           0  fpconst.o(c$$dinf)
    __aeabi_HUGE_VALL                        0x0800db94   Data           0  fpconst.o(c$$dinf)
    __aeabi_INFINITY                         0x0800db94   Data           0  fpconst.o(c$$dinf)
    __dInf                                   0x0800db94   Data           0  fpconst.o(c$$dinf)
    __huge_val                               0x0800db94   Data           0  fpconst.o(c$$dinf)
    __dbl_max                                0x0800db9c   Data           0  fpconst.o(c$$dmax)
    __ctype                                  0x0800dbcd   Data           0  lc_ctype_c.o(locale$$data)
    PwmVal                                   0x20000010   Data           2  main.o(.data)
    flag                                     0x20000014   Data           4  main.o(.data)
    target                                   0x20000018   Data           4  main.o(.data)
    C_bisic                                  0x2000001c   Data           4  main.o(.data)
    target_Height                            0x20000020   Data           4  main.o(.data)
    counter                                  0x20000024   Data           4  main.o(.data)
    counter_flag                             0x20000028   Data           1  main.o(.data)
    task_time                                0x2000002c   Data           4  main.o(.data)
    Task_id                                  0x20000030   Data           1  main.o(.data)
    Key_input                                0x20000034   Data           4  main.o(.data)
    tick                                     0x20000038   Data           1  main.o(.data)
    DataReceivedFlag                         0x20000039   Data           1  main.o(.data)
    index_Data                               0x2000003a   Data           1  main.o(.data)
    buffer_test                              0x2000003b   Data           1  main.o(.data)
    SystemCoreClock                          0x2000003c   Data           4  system_stm32f4xx.o(.data)
    AHBPrescTable                            0x20000040   Data          16  system_stm32f4xx.o(.data)
    stop_flag                                0x20000064   Data           1  usart.o(.data)
    USART1_value                             0x20000065   Data           1  usart.o(.data)
    USART2_value                             0x20000066   Data           1  usart.o(.data)
    USART3_value                             0x20000067   Data           1  usart.o(.data)
    USART4_value                             0x20000068   Data           1  usart.o(.data)
    USART5_value                             0x20000069   Data           1  usart.o(.data)
    USART6_value                             0x2000006a   Data           1  usart.o(.data)
    __stdout                                 0x2000006c   Data           4  usart.o(.data)
    POINT_COLOR                              0x20000070   Data           2  lcd.o(.data)
    BACK_COLOR                               0x20000072   Data           2  lcd.o(.data)
    errmax                                   0x20000074   Data           4  pid.o(.data)
    errmin                                   0x20000078   Data           4  pid.o(.data)
    PID_Sub                                  0x2000007c   Data           1  pid.o(.data)
    Kp                                       0x20000080   Data          24  pid.o(.data)
    Ki                                       0x20000098   Data          24  pid.o(.data)
    Kd                                       0x200000b0   Data          24  pid.o(.data)
    integral1                                0x200000c8   Data           4  pid.o(.data)
    number                                   0x200000d0   Data           4  timer.o(.data)
    Menu_State                               0x200000d8   Data           1  menu_ui.o(.data)
    g_L1Mod_node                             0x200000dc   Data         268  main.o(.bss)
    a                                        0x200001e8   Data          10  main.o(.bss)
    DataTemp                                 0x20000212   Data         100  main.o(.bss)
    lcddev                                   0x20000276   Data          14  lcd.o(.bss)
    err                                      0x20000284   Data          12  pid.o(.bss)
    __libspace_start                         0x20000290   Data          96  libspace.o(.bss)
    __temporary_stack_top$libspace           0x200002f0   Data           0  libspace.o(.bss)



==============================================================================

Memory Map of the image

  Image Entry point : 0x08000189

  Load Region LR_IROM1 (Base: 0x08000000, Size: 0x0000ddac, Max: 0x00100000, ABSOLUTE)

    Execution Region ER_IROM1 (Exec base: 0x08000000, Load base: 0x08000000, Size: 0x0000dcd0, Max: 0x00100000, ABSOLUTE)

    Exec Addr    Load Addr    Size         Type   Attr      Idx    E Section Name        Object

    0x08000000   0x08000000   0x00000188   Data   RO            3    RESET               startup_stm32f40_41xxx.o
    0x08000188   0x08000188   0x00000008   Code   RO         3588  * !!!main             c_w.l(__main.o)
    0x08000190   0x08000190   0x00000034   Code   RO         3955    !!!scatter          c_w.l(__scatter.o)
    0x080001c4   0x080001c4   0x0000001a   Code   RO         3957    !!handler_copy      c_w.l(__scatter_copy.o)
    0x080001de   0x080001de   0x00000002   PAD
    0x080001e0   0x080001e0   0x0000001c   Code   RO         3959    !!handler_zi        c_w.l(__scatter_zi.o)
    0x080001fc   0x080001fc   0x00000000   Code   RO         3573    .ARM.Collect$$_printf_percent$$00000000  c_w.l(_printf_percent.o)
    0x080001fc   0x080001fc   0x00000006   Code   RO         3572    .ARM.Collect$$_printf_percent$$00000003  c_w.l(_printf_f.o)
    0x08000202   0x08000202   0x00000006   Code   RO         3571    .ARM.Collect$$_printf_percent$$00000009  c_w.l(_printf_d.o)
    0x08000208   0x08000208   0x00000006   Code   RO         3570    .ARM.Collect$$_printf_percent$$0000000C  c_w.l(_printf_x.o)
    0x0800020e   0x0800020e   0x00000006   Code   RO         3569    .ARM.Collect$$_printf_percent$$00000014  c_w.l(_printf_s.o)
    0x08000214   0x08000214   0x00000004   Code   RO         3631    .ARM.Collect$$_printf_percent$$00000017  c_w.l(_printf_percent_end.o)
    0x08000218   0x08000218   0x00000002   Code   RO         3735    .ARM.Collect$$libinit$$00000000  c_w.l(libinit.o)
    0x0800021a   0x0800021a   0x00000004   Code   RO         3736    .ARM.Collect$$libinit$$00000001  c_w.l(libinit2.o)
    0x0800021e   0x0800021e   0x00000000   Code   RO         3739    .ARM.Collect$$libinit$$00000004  c_w.l(libinit2.o)
    0x0800021e   0x0800021e   0x00000000   Code   RO         3742    .ARM.Collect$$libinit$$0000000A  c_w.l(libinit2.o)
    0x0800021e   0x0800021e   0x00000000   Code   RO         3744    .ARM.Collect$$libinit$$0000000C  c_w.l(libinit2.o)
    0x0800021e   0x0800021e   0x00000000   Code   RO         3746    .ARM.Collect$$libinit$$0000000E  c_w.l(libinit2.o)
    0x0800021e   0x0800021e   0x00000006   Code   RO         3747    .ARM.Collect$$libinit$$0000000F  c_w.l(libinit2.o)
    0x08000224   0x08000224   0x00000000   Code   RO         3749    .ARM.Collect$$libinit$$00000011  c_w.l(libinit2.o)
    0x08000224   0x08000224   0x0000000c   Code   RO         3750    .ARM.Collect$$libinit$$00000012  c_w.l(libinit2.o)
    0x08000230   0x08000230   0x00000000   Code   RO         3751    .ARM.Collect$$libinit$$00000013  c_w.l(libinit2.o)
    0x08000230   0x08000230   0x00000000   Code   RO         3753    .ARM.Collect$$libinit$$00000015  c_w.l(libinit2.o)
    0x08000230   0x08000230   0x0000000a   Code   RO         3754    .ARM.Collect$$libinit$$00000016  c_w.l(libinit2.o)
    0x0800023a   0x0800023a   0x00000000   Code   RO         3755    .ARM.Collect$$libinit$$00000017  c_w.l(libinit2.o)
    0x0800023a   0x0800023a   0x00000000   Code   RO         3757    .ARM.Collect$$libinit$$00000019  c_w.l(libinit2.o)
    0x0800023a   0x0800023a   0x00000000   Code   RO         3759    .ARM.Collect$$libinit$$0000001B  c_w.l(libinit2.o)
    0x0800023a   0x0800023a   0x00000000   Code   RO         3761    .ARM.Collect$$libinit$$0000001D  c_w.l(libinit2.o)
    0x0800023a   0x0800023a   0x00000000   Code   RO         3763    .ARM.Collect$$libinit$$0000001F  c_w.l(libinit2.o)
    0x0800023a   0x0800023a   0x00000000   Code   RO         3765    .ARM.Collect$$libinit$$00000021  c_w.l(libinit2.o)
    0x0800023a   0x0800023a   0x00000000   Code   RO         3767    .ARM.Collect$$libinit$$00000023  c_w.l(libinit2.o)
    0x0800023a   0x0800023a   0x00000000   Code   RO         3769    .ARM.Collect$$libinit$$00000025  c_w.l(libinit2.o)
    0x0800023a   0x0800023a   0x00000000   Code   RO         3773    .ARM.Collect$$libinit$$0000002C  c_w.l(libinit2.o)
    0x0800023a   0x0800023a   0x00000000   Code   RO         3775    .ARM.Collect$$libinit$$0000002E  c_w.l(libinit2.o)
    0x0800023a   0x0800023a   0x00000000   Code   RO         3777    .ARM.Collect$$libinit$$00000030  c_w.l(libinit2.o)
    0x0800023a   0x0800023a   0x00000000   Code   RO         3779    .ARM.Collect$$libinit$$00000032  c_w.l(libinit2.o)
    0x0800023a   0x0800023a   0x00000002   Code   RO         3780    .ARM.Collect$$libinit$$00000033  c_w.l(libinit2.o)
    0x0800023c   0x0800023c   0x00000002   Code   RO         3854    .ARM.Collect$$libshutdown$$00000000  c_w.l(libshutdown.o)
    0x0800023e   0x0800023e   0x00000000   Code   RO         3867    .ARM.Collect$$libshutdown$$00000002  c_w.l(libshutdown2.o)
    0x0800023e   0x0800023e   0x00000000   Code   RO         3869    .ARM.Collect$$libshutdown$$00000004  c_w.l(libshutdown2.o)
    0x0800023e   0x0800023e   0x00000000   Code   RO         3871    .ARM.Collect$$libshutdown$$00000006  c_w.l(libshutdown2.o)
    0x0800023e   0x0800023e   0x00000000   Code   RO         3874    .ARM.Collect$$libshutdown$$00000009  c_w.l(libshutdown2.o)
    0x0800023e   0x0800023e   0x00000000   Code   RO         3877    .ARM.Collect$$libshutdown$$0000000C  c_w.l(libshutdown2.o)
    0x0800023e   0x0800023e   0x00000000   Code   RO         3879    .ARM.Collect$$libshutdown$$0000000E  c_w.l(libshutdown2.o)
    0x0800023e   0x0800023e   0x00000000   Code   RO         3882    .ARM.Collect$$libshutdown$$00000011  c_w.l(libshutdown2.o)
    0x0800023e   0x0800023e   0x00000002   Code   RO         3883    .ARM.Collect$$libshutdown$$00000012  c_w.l(libshutdown2.o)
    0x08000240   0x08000240   0x00000000   Code   RO         3618    .ARM.Collect$$rtentry$$00000000  c_w.l(__rtentry.o)
    0x08000240   0x08000240   0x00000000   Code   RO         3644    .ARM.Collect$$rtentry$$00000002  c_w.l(__rtentry2.o)
    0x08000240   0x08000240   0x00000006   Code   RO         3656    .ARM.Collect$$rtentry$$00000004  c_w.l(__rtentry4.o)
    0x08000246   0x08000246   0x00000000   Code   RO         3646    .ARM.Collect$$rtentry$$00000009  c_w.l(__rtentry2.o)
    0x08000246   0x08000246   0x00000004   Code   RO         3647    .ARM.Collect$$rtentry$$0000000A  c_w.l(__rtentry2.o)
    0x0800024a   0x0800024a   0x00000000   Code   RO         3649    .ARM.Collect$$rtentry$$0000000C  c_w.l(__rtentry2.o)
    0x0800024a   0x0800024a   0x00000008   Code   RO         3650    .ARM.Collect$$rtentry$$0000000D  c_w.l(__rtentry2.o)
    0x08000252   0x08000252   0x00000002   Code   RO         3795    .ARM.Collect$$rtexit$$00000000  c_w.l(rtexit.o)
    0x08000254   0x08000254   0x00000000   Code   RO         3817    .ARM.Collect$$rtexit$$00000002  c_w.l(rtexit2.o)
    0x08000254   0x08000254   0x00000004   Code   RO         3818    .ARM.Collect$$rtexit$$00000003  c_w.l(rtexit2.o)
    0x08000258   0x08000258   0x00000006   Code   RO         3819    .ARM.Collect$$rtexit$$00000004  c_w.l(rtexit2.o)
    0x0800025e   0x0800025e   0x00000002   PAD
    0x08000260   0x08000260   0x00000040   Code   RO            4    .text               startup_stm32f40_41xxx.o
    0x080002a0   0x080002a0   0x00000002   Code   RO         3512    .text               c_w.l(use_no_semi_2.o)
    0x080002a2   0x080002a2   0x00000002   PAD
    0x080002a4   0x080002a4   0x00000018   Code   RO         3518    .text               c_w.l(noretval__2printf.o)
    0x080002bc   0x080002bc   0x00000028   Code   RO         3520    .text               c_w.l(noretval__2sprintf.o)
    0x080002e4   0x080002e4   0x00000052   Code   RO         3524    .text               c_w.l(_printf_str.o)
    0x08000336   0x08000336   0x00000002   PAD
    0x08000338   0x08000338   0x00000078   Code   RO         3526    .text               c_w.l(_printf_dec.o)
    0x080003b0   0x080003b0   0x00000058   Code   RO         3531    .text               c_w.l(_printf_hex_int.o)
    0x08000408   0x08000408   0x0000010e   Code   RO         3557    .text               c_w.l(__printf_wp.o)
    0x08000516   0x08000516   0x00000014   Code   RO         3574    .text               c_w.l(strchr.o)
    0x0800052a   0x0800052a   0x0000003e   Code   RO         3578    .text               c_w.l(strlen.o)
    0x08000568   0x08000568   0x00000044   Code   RO         3582    .text               c_w.l(rt_memclr.o)
    0x080005ac   0x080005ac   0x0000004e   Code   RO         3584    .text               c_w.l(rt_memclr_w.o)
    0x080005fa   0x080005fa   0x00000006   Code   RO         3586    .text               c_w.l(heapauxi.o)
    0x08000600   0x08000600   0x00000002   Code   RO         3616    .text               c_w.l(use_no_semi.o)
    0x08000602   0x08000602   0x000000b2   Code   RO         3619    .text               c_w.l(_printf_intcommon.o)
    0x080006b4   0x080006b4   0x0000041e   Code   RO         3621    .text               c_w.l(_printf_fp_dec.o)
    0x08000ad2   0x08000ad2   0x00000002   PAD
    0x08000ad4   0x08000ad4   0x00000030   Code   RO         3623    .text               c_w.l(_printf_char_common.o)
    0x08000b04   0x08000b04   0x0000000a   Code   RO         3625    .text               c_w.l(_sputc.o)
    0x08000b0e   0x08000b0e   0x0000002c   Code   RO         3627    .text               c_w.l(_printf_char.o)
    0x08000b3a   0x08000b3a   0x00000002   PAD
    0x08000b3c   0x08000b3c   0x00000024   Code   RO         3629    .text               c_w.l(_printf_char_file.o)
    0x08000b60   0x08000b60   0x0000001a   Code   RO         3632    .text               c_w.l(strtof.o)
    0x08000b7a   0x08000b7a   0x00000002   PAD
    0x08000b7c   0x08000b7c   0x00000008   Code   RO         3661    .text               c_w.l(rt_locale_intlibspace.o)
    0x08000b84   0x08000b84   0x0000008a   Code   RO         3663    .text               c_w.l(lludiv10.o)
    0x08000c0e   0x08000c0e   0x00000002   PAD
    0x08000c10   0x08000c10   0x00000080   Code   RO         3665    .text               c_w.l(_printf_fp_infnan.o)
    0x08000c90   0x08000c90   0x000000a4   Code   RO         3669    .text               c_w.l(strtod.o)
    0x08000d34   0x08000d34   0x000000e4   Code   RO         3671    .text               c_w.l(bigflt0.o)
    0x08000e18   0x08000e18   0x00000008   Code   RO         3696    .text               c_w.l(ferror.o)
    0x08000e20   0x08000e20   0x00000008   Code   RO         3715    .text               c_w.l(libspace.o)
    0x08000e28   0x08000e28   0x0000004a   Code   RO         3718    .text               c_w.l(sys_stackheap_outer.o)
    0x08000e72   0x08000e72   0x00000016   Code   RO         3720    .text               c_w.l(_rserrno.o)
    0x08000e88   0x08000e88   0x00000012   Code   RO         3722    .text               c_w.l(isspace.o)
    0x08000e9a   0x08000e9a   0x00000040   Code   RO         3724    .text               c_w.l(_sgetc.o)
    0x08000eda   0x08000eda   0x00000012   Code   RO         3726    .text               c_w.l(exit.o)
    0x08000eec   0x08000eec   0x00000080   Code   RO         3728    .text               c_w.l(strcmpv7m.o)
    0x08000f6c   0x08000f6c   0x00000010   Code   RO         3797    .text               c_w.l(rt_ctype_table.o)
    0x08000f7c   0x08000f7c   0x00000008   Code   RO         3802    .text               c_w.l(rt_errno_addr_intlibspace.o)
    0x08000f84   0x08000f84   0x000004f8   Code   RO         3804    .text               c_w.l(scanf_fp.o)
    0x0800147c   0x0800147c   0x00000320   Code   RO         3844    .text               c_w.l(scanf_hexfp.o)
    0x0800179c   0x0800179c   0x00000134   Code   RO         3846    .text               c_w.l(scanf_infnan.o)
    0x080018d0   0x080018d0   0x00000026   Code   RO         3858    .text               c_w.l(llshl.o)
    0x080018f6   0x080018f6   0x0000001c   Code   RO         3860    .text               c_w.l(_chval.o)
    0x08001912   0x08001912   0x0000003e   Code   RO         3674    CL$$btod_d2e        c_w.l(btod.o)
    0x08001950   0x08001950   0x00000046   Code   RO         3676    CL$$btod_d2e_denorm_low  c_w.l(btod.o)
    0x08001996   0x08001996   0x00000060   Code   RO         3675    CL$$btod_d2e_norm_op1  c_w.l(btod.o)
    0x080019f6   0x080019f6   0x00000338   Code   RO         3684    CL$$btod_div_common  c_w.l(btod.o)
    0x08001d2e   0x08001d2e   0x00000002   PAD
    0x08001d30   0x08001d30   0x00000084   Code   RO         3682    CL$$btod_e2d        c_w.l(btod.o)
    0x08001db4   0x08001db4   0x000000dc   Code   RO         3681    CL$$btod_e2e        c_w.l(btod.o)
    0x08001e90   0x08001e90   0x0000002a   Code   RO         3678    CL$$btod_ediv       c_w.l(btod.o)
    0x08001eba   0x08001eba   0x0000002a   Code   RO         3680    CL$$btod_edivd      c_w.l(btod.o)
    0x08001ee4   0x08001ee4   0x0000002a   Code   RO         3677    CL$$btod_emul       c_w.l(btod.o)
    0x08001f0e   0x08001f0e   0x0000002a   Code   RO         3679    CL$$btod_emuld      c_w.l(btod.o)
    0x08001f38   0x08001f38   0x00000244   Code   RO         3683    CL$$btod_mult_common  c_w.l(btod.o)
    0x0800217c   0x0800217c   0x00000004   Code   RO          262    i.BusFault_Handler  stm32f4xx_it.o
    0x08002180   0x08002180   0x0000004a   Code   RO         3404    i.Check_Menu        menu_ui.o
    0x080021ca   0x080021ca   0x00000002   PAD
    0x080021cc   0x080021cc   0x00000024   Code   RO           12    i.Clear_L1Mod_Usart  main.o
    0x080021f0   0x080021f0   0x00000002   Code   RO          263    i.DebugMon_Handler  stm32f4xx_it.o
    0x080021f2   0x080021f2   0x00000002   PAD
    0x080021f4   0x080021f4   0x00000034   Code   RO           13    i.E5_Init           main.o
    0x08002228   0x08002228   0x00000034   Code   RO         1863    i.FSMC_NORSRAMCmd   stm32f4xx_fsmc.o
    0x0800225c   0x0800225c   0x000000e6   Code   RO         1865    i.FSMC_NORSRAMInit  stm32f4xx_fsmc.o
    0x08002342   0x08002342   0x00000002   PAD
    0x08002344   0x08002344   0x0000002c   Code   RO         3337    i.Fast_Conti_Meas_Cmd  asciiprotocol.o
    0x08002370   0x08002370   0x00000090   Code   RO          441    i.GPIO_Init         stm32f4xx_gpio.o
    0x08002400   0x08002400   0x00000046   Code   RO          442    i.GPIO_PinAFConfig  stm32f4xx_gpio.o
    0x08002446   0x08002446   0x00000012   Code   RO          445    i.GPIO_ReadInputDataBit  stm32f4xx_gpio.o
    0x08002458   0x08002458   0x00000004   Code   RO          448    i.GPIO_ResetBits    stm32f4xx_gpio.o
    0x0800245c   0x0800245c   0x00000004   Code   RO          264    i.HardFault_Handler  stm32f4xx_it.o
    0x08002460   0x08002460   0x000000b8   Code   RO         3236    i.Init_Debug_Usart  hal_drivers.o
    0x08002518   0x08002518   0x00000010   Code   RO         3237    i.Init_Drivers      hal_drivers.o
    0x08002528   0x08002528   0x000000d0   Code   RO         3238    i.Init_L1_Usart     hal_drivers.o
    0x080025f8   0x080025f8   0x00000044   Code   RO         3239    i.Init_SysTick      hal_drivers.o
    0x0800263c   0x0800263c   0x00000040   Code   RO         2569    i.Key_Init          key.o
    0x0800267c   0x0800267c   0x00000024   Code   RO         2570    i.Key_Read          key.o
    0x080026a0   0x080026a0   0x0000006c   Code   RO         2602    i.LCD_Clear         lcd.o
    0x0800270c   0x0800270c   0x000001c0   Code   RO         2606    i.LCD_Display_Dir   lcd.o
    0x080028cc   0x080028cc   0x00000180   Code   RO         2611    i.LCD_Fast_DrawPoint  lcd.o
    0x08002a4c   0x08002a4c   0x00003970   Code   RO         2613    i.LCD_Init          lcd.o
    0x080063bc   0x080063bc   0x00000016   Code   RO         2614    i.LCD_Pow           lcd.o
    0x080063d2   0x080063d2   0x00000002   PAD
    0x080063d4   0x080063d4   0x00000014   Code   RO         2615    i.LCD_RD_DATA       lcd.o
    0x080063e8   0x080063e8   0x00000016   Code   RO         2617    i.LCD_ReadReg       lcd.o
    0x080063fe   0x080063fe   0x00000002   PAD
    0x08006400   0x08006400   0x00000060   Code   RO         2618    i.LCD_SSD_BackLightSet  lcd.o
    0x08006460   0x08006460   0x000002ec   Code   RO         2619    i.LCD_Scan_Dir      lcd.o
    0x0800674c   0x0800674c   0x000001a8   Code   RO         2620    i.LCD_SetCursor     lcd.o
    0x080068f4   0x080068f4   0x0000013c   Code   RO         2622    i.LCD_ShowChar      lcd.o
    0x08006a30   0x08006a30   0x00000094   Code   RO         2623    i.LCD_ShowNum       lcd.o
    0x08006ac4   0x08006ac4   0x00000066   Code   RO         2625    i.LCD_ShowString    lcd.o
    0x08006b2a   0x08006b2a   0x00000002   PAD
    0x08006b2c   0x08006b2c   0x00000018   Code   RO         2628    i.LCD_WR_DATA       lcd.o
    0x08006b44   0x08006b44   0x00000018   Code   RO         2629    i.LCD_WR_REG        lcd.o
    0x08006b5c   0x08006b5c   0x00000014   Code   RO         2631    i.LCD_WriteRAM_Prepare  lcd.o
    0x08006b70   0x08006b70   0x00000014   Code   RO         2632    i.LCD_WriteReg      lcd.o
    0x08006b84   0x08006b84   0x00000004   Code   RO          265    i.MemManage_Handler  stm32f4xx_it.o
    0x08006b88   0x08006b88   0x00000100   Code   RO         3405    i.Menu_Init         menu_ui.o
    0x08006c88   0x08006c88   0x00000168   Code   RO         3406    i.Menu_Task_1_2     menu_ui.o
    0x08006df0   0x08006df0   0x0000020c   Code   RO         3407    i.Menu_Task_3       menu_ui.o
    0x08006ffc   0x08006ffc   0x00000164   Code   RO         3408    i.Menu_Task_4       menu_ui.o
    0x08007160   0x08007160   0x0000018c   Code   RO         3409    i.Menu_Task_6       menu_ui.o
    0x080072ec   0x080072ec   0x00000104   Code   RO         3410    i.Menu_Task_Choose  menu_ui.o
    0x080073f0   0x080073f0   0x00000002   Code   RO          266    i.NMI_Handler       stm32f4xx_it.o
    0x080073f2   0x080073f2   0x00000002   PAD
    0x080073f4   0x080073f4   0x00000078   Code   RO          370    i.NVIC_Init         misc.o
    0x0800746c   0x0800746c   0x00000014   Code   RO          371    i.NVIC_PriorityGroupConfig  misc.o
    0x08007480   0x08007480   0x00000002   Code   RO          267    i.PendSV_Handler    stm32f4xx_it.o
    0x08007482   0x08007482   0x00000002   PAD
    0x08007484   0x08007484   0x00000020   Code   RO          538    i.RCC_AHB1PeriphClockCmd  stm32f4xx_rcc.o
    0x080074a4   0x080074a4   0x00000020   Code   RO          544    i.RCC_AHB3PeriphClockCmd  stm32f4xx_rcc.o
    0x080074c4   0x080074c4   0x00000020   Code   RO          547    i.RCC_APB1PeriphClockCmd  stm32f4xx_rcc.o
    0x080074e4   0x080074e4   0x00000020   Code   RO          550    i.RCC_APB2PeriphClockCmd  stm32f4xx_rcc.o
    0x08007504   0x08007504   0x000000e8   Code   RO          559    i.RCC_GetClocksFreq  stm32f4xx_rcc.o
    0x080075ec   0x080075ec   0x00000048   Code   RO         2571    i.Read_Key_Signle   key.o
    0x08007634   0x08007634   0x00000050   Code   RO         3480    i.Read_Switch_single_Pin  switch.o
    0x08007684   0x08007684   0x00000002   Code   RO          268    i.SVC_Handler       stm32f4xx_it.o
    0x08007686   0x08007686   0x00000002   PAD
    0x08007688   0x08007688   0x000000ec   Code   RO          333    i.SetSysClock       system_stm32f4xx.o
    0x08007774   0x08007774   0x0000005c   Code   RO         3481    i.Switch_Init       switch.o
    0x080077d0   0x080077d0   0x00000024   Code   RO         3482    i.Switch_read       switch.o
    0x080077f4   0x080077f4   0x00000028   Code   RO          374    i.SysTick_CLKSourceConfig  misc.o
    0x0800781c   0x0800781c   0x00000002   Code   RO          269    i.SysTick_Handler   stm32f4xx_it.o
    0x0800781e   0x0800781e   0x00000002   PAD
    0x08007820   0x08007820   0x00000068   Code   RO          335    i.SystemInit        system_stm32f4xx.o
    0x08007888   0x08007888   0x00000098   Code   RO         2956    i.TIM11_PWM_Init    pwm.o
    0x08007920   0x08007920   0x00000050   Code   RO         2993    i.TIM3_IRQHandler   timer.o
    0x08007970   0x08007970   0x00000058   Code   RO         2994    i.TIM3_Init         timer.o
    0x080079c8   0x080079c8   0x00000130   Code   RO         2995    i.TIM5_IRQHandler   timer.o
    0x08007af8   0x08007af8   0x0000005c   Code   RO         2996    i.TIM5_calc_init    timer.o
    0x08007b54   0x08007b54   0x00000028   Code   RO         3411    i.TIM6_DAC_IRQHandler  menu_ui.o
    0x08007b7c   0x08007b7c   0x0000005c   Code   RO         2997    i.TIM6_Init         timer.o
    0x08007bd8   0x08007bd8   0x00000018   Code   RO         1294    i.TIM_ARRPreloadConfig  stm32f4xx_tim.o
    0x08007bf0   0x08007bf0   0x00000006   Code   RO         1301    i.TIM_ClearITPendingBit  stm32f4xx_tim.o
    0x08007bf6   0x08007bf6   0x00000018   Code   RO         1306    i.TIM_Cmd           stm32f4xx_tim.o
    0x08007c0e   0x08007c0e   0x00000022   Code   RO         1327    i.TIM_GetITStatus   stm32f4xx_tim.o
    0x08007c30   0x08007c30   0x00000012   Code   RO         1331    i.TIM_ITConfig      stm32f4xx_tim.o
    0x08007c42   0x08007c42   0x00000002   PAD
    0x08007c44   0x08007c44   0x0000007c   Code   RO         1335    i.TIM_OC1Init       stm32f4xx_tim.o
    0x08007cc0   0x08007cc0   0x00000004   Code   RO         1368    i.TIM_SetCompare1   stm32f4xx_tim.o
    0x08007cc4   0x08007cc4   0x00000084   Code   RO         1378    i.TIM_TimeBaseInit  stm32f4xx_tim.o
    0x08007d48   0x08007d48   0x00000068   Code   RO           14    i.Task1_2           main.o
    0x08007db0   0x08007db0   0x000000d0   Code   RO           15    i.Task3             main.o
    0x08007e80   0x08007e80   0x0000003c   Code   RO           16    i.Task4             main.o
    0x08007ebc   0x08007ebc   0x000000ac   Code   RO           17    i.Task6             main.o
    0x08007f68   0x08007f68   0x00000064   Code   RO           18    i.Task_Choose       main.o
    0x08007fcc   0x08007fcc   0x00000044   Code   RO           19    i.USART1_IRQHandler  main.o
    0x08008010   0x08008010   0x0000019c   Code   RO           20    i.USART6_IRQHandler  main.o
    0x080081ac   0x080081ac   0x00000012   Code   RO          872    i.USART_ClearFlag   stm32f4xx_usart.o
    0x080081be   0x080081be   0x0000001e   Code   RO          873    i.USART_ClearITPendingBit  stm32f4xx_usart.o
    0x080081dc   0x080081dc   0x00000018   Code   RO          876    i.USART_Cmd         stm32f4xx_usart.o
    0x080081f4   0x080081f4   0x0000001a   Code   RO          879    i.USART_GetFlagStatus  stm32f4xx_usart.o
    0x0800820e   0x0800820e   0x00000054   Code   RO          880    i.USART_GetITStatus  stm32f4xx_usart.o
    0x08008262   0x08008262   0x0000004a   Code   RO          882    i.USART_ITConfig    stm32f4xx_usart.o
    0x080082ac   0x080082ac   0x000000d4   Code   RO          883    i.USART_Init        stm32f4xx_usart.o
    0x08008380   0x08008380   0x0000000a   Code   RO          890    i.USART_ReceiveData  stm32f4xx_usart.o
    0x0800838a   0x0800838a   0x00000008   Code   RO          893    i.USART_SendData    stm32f4xx_usart.o
    0x08008392   0x08008392   0x00000004   Code   RO          270    i.UsageFault_Handler  stm32f4xx_it.o
    0x08008396   0x08008396   0x00000030   Code   RO         3241    i.Usart_Write_Bytes  hal_drivers.o
    0x080083c6   0x080083c6   0x00000030   Code   RO         3705    i.__ARM_fpclassify  m_wm.l(fpclassify.o)
    0x080083f6   0x080083f6   0x00000002   PAD
    0x080083f8   0x080083f8   0x000000f8   Code   RO         3707    i.__hardfp___mathlib_tofloat  m_wm.l(narrow.o)
    0x080084f0   0x080084f0   0x000000d0   Code   RO         3884    i.__hardfp_ldexp    m_wm.l(ldexp.o)
    0x080085c0   0x080085c0   0x00000020   Code   RO         3610    i.__hardfp_strtof   m_wm.l(strtof.o)
    0x080085e0   0x080085e0   0x00000020   Code   RO         3910    i.__mathlib_dbl_overflow  m_wm.l(dunder.o)
    0x08008600   0x08008600   0x00000020   Code   RO         3912    i.__mathlib_dbl_underflow  m_wm.l(dunder.o)
    0x08008620   0x08008620   0x00000012   Code   RO         3708    i.__mathlib_narrow  m_wm.l(narrow.o)
    0x08008632   0x08008632   0x00000014   Code   RO         3886    i.__support_ldexp   m_wm.l(ldexp.o)
    0x08008646   0x08008646   0x0000000e   Code   RO         3559    i._is_digit         c_w.l(__printf_wp.o)
    0x08008654   0x08008654   0x00000004   Code   RO         2280    i._sys_exit         usart.o
    0x08008658   0x08008658   0x0000003c   Code   RO         2215    i.delay_init        delay.o
    0x08008694   0x08008694   0x00000038   Code   RO         2216    i.delay_ms          delay.o
    0x080086cc   0x080086cc   0x0000004c   Code   RO         2217    i.delay_us          delay.o
    0x08008718   0x08008718   0x0000004c   Code   RO         2218    i.delay_xms         delay.o
    0x08008764   0x08008764   0x0000001c   Code   RO         2281    i.fputc             usart.o
    0x08008780   0x08008780   0x0000008c   Code   RO         3791    i.frexp             m_wm.l(frexp.o)
    0x0800880c   0x0800880c   0x00000074   Code   RO           21    i.main              main.o
    0x08008880   0x08008880   0x00000190   Code   RO         2923    i.pid_location      pid.o
    0x08008a10   0x08008a10   0x0000002c   Code   RO         3701    locale$$code        c_w.l(lc_numeric_c.o)
    0x08008a3c   0x08008a3c   0x0000002c   Code   RO         3824    locale$$code        c_w.l(lc_ctype_c.o)
    0x08008a68   0x08008a68   0x00000062   Code   RO         3781    x$fpl$d2f           fz_wm.l(d2f.o)
    0x08008aca   0x08008aca   0x00000002   PAD
    0x08008acc   0x08008acc   0x00000010   Code   RO         3931    x$fpl$dcheck1       fz_wm.l(dcheck1.o)
    0x08008adc   0x08008adc   0x00000018   Code   RO         3808    x$fpl$dcmpinf       fz_wm.l(dcmpi.o)
    0x08008af4   0x08008af4   0x000002b0   Code   RO         3591    x$fpl$ddiv          fz_wm.l(ddiv.o)
    0x08008da4   0x08008da4   0x00000078   Code   RO         3783    x$fpl$deqf          fz_wm.l(deqf.o)
    0x08008e1c   0x08008e1c   0x0000005a   Code   RO         3594    x$fpl$dfixu         fz_wm.l(dfixu.o)
    0x08008e76   0x08008e76   0x00000026   Code   RO         3598    x$fpl$dfltu         fz_wm.l(dflt_clz.o)
    0x08008e9c   0x08008e9c   0x00000078   Code   RO         3810    x$fpl$dleqf         fz_wm.l(dleqf.o)
    0x08008f14   0x08008f14   0x00000154   Code   RO         3604    x$fpl$dmul          fz_wm.l(dmul.o)
    0x08009068   0x08009068   0x0000009c   Code   RO         3636    x$fpl$dnaninf       fz_wm.l(dnaninf.o)
    0x08009104   0x08009104   0x0000000c   Code   RO         3638    x$fpl$dretinf       fz_wm.l(dretinf.o)
    0x08009110   0x08009110   0x0000006c   Code   RO         3785    x$fpl$drleqf        fz_wm.l(drleqf.o)
    0x0800917c   0x0800917c   0x00000056   Code   RO         3606    x$fpl$f2d           fz_wm.l(f2d.o)
    0x080091d2   0x080091d2   0x0000008c   Code   RO         3640    x$fpl$fnaninf       fz_wm.l(fnaninf.o)
    0x0800925e   0x0800925e   0x0000000a   Code   RO         3812    x$fpl$fpinit        fz_wm.l(fpinit.o)
    0x08009268   0x08009268   0x0000000a   Code   RO         3814    x$fpl$fretinf       fz_wm.l(fretinf.o)
    0x08009272   0x08009272   0x00000006   Code   RO         3703    x$fpl$ieeestatus    fz_wm.l(istatus.o)
    0x08009278   0x08009278   0x00000004   Code   RO         3608    x$fpl$printf1       fz_wm.l(printf1.o)
    0x0800927c   0x0800927c   0x00000064   Code   RO         3949    x$fpl$retnan        fz_wm.l(retnan.o)
    0x080092e0   0x080092e0   0x0000005c   Code   RO         3904    x$fpl$scalbn        fz_wm.l(scalbn.o)
    0x0800933c   0x0800933c   0x00000004   Code   RO         3787    x$fpl$scanf1        fz_wm.l(scanf1.o)
    0x08009340   0x08009340   0x00000008   Code   RO         3834    x$fpl$scanf2        fz_wm.l(scanf2.o)
    0x08009348   0x08009348   0x00000030   Code   RO         3951    x$fpl$trapveneer    fz_wm.l(trapv.o)
    0x08009378   0x08009378   0x00000000   Code   RO         3642    x$fpl$usenofp       fz_wm.l(usenofp.o)
    0x08009378   0x08009378   0x00004740   Data   RO         2635    .constdata          lcd.o
    0x0800dab8   0x0800dab8   0x00000028   Data   RO         3532    .constdata          c_w.l(_printf_hex_int.o)
    0x0800dae0   0x0800dae0   0x00000094   Data   RO         3672    .constdata          c_w.l(bigflt0.o)
    0x0800db74   0x0800db74   0x00000020   Data   RO         3953    Region$$Table       anon$$obj.o
    0x0800db94   0x0800db94   0x00000008   Data   RO         3830    c$$dinf             fz_wm.l(fpconst.o)
    0x0800db9c   0x0800db9c   0x00000008   Data   RO         3833    c$$dmax             fz_wm.l(fpconst.o)
    0x0800dba4   0x0800dba4   0x0000001c   Data   RO         3700    locale$$data        c_w.l(lc_numeric_c.o)
    0x0800dbc0   0x0800dbc0   0x00000110   Data   RO         3823    locale$$data        c_w.l(lc_ctype_c.o)


    Execution Region RW_IRAM2 (Exec base: 0x10000000, Load base: 0x0800ddac, Size: 0x00000000, Max: 0x00010000, ABSOLUTE)

    **** No section assigned to this execution region ****


    Execution Region RW_IRAM1 (Exec base: 0x20000000, Load base: 0x0800dcd0, Size: 0x000008f0, Max: 0x00020000, ABSOLUTE)

    Exec Addr    Load Addr    Size         Type   Attr      Idx    E Section Name        Object

    0x20000000   0x0800dcd0   0x0000003c   Data   RW           23    .data               main.o
    0x2000003c   0x0800dd0c   0x00000014   Data   RW          336    .data               system_stm32f4xx.o
    0x20000050   0x0800dd20   0x00000010   Data   RW          591    .data               stm32f4xx_rcc.o
    0x20000060   0x0800dd30   0x00000004   Data   RW         2219    .data               delay.o
    0x20000064   0x0800dd34   0x0000000c   Data   RW         2293    .data               usart.o
    0x20000070   0x0800dd40   0x00000004   Data   RW         2636    .data               lcd.o
    0x20000074   0x0800dd44   0x0000005c   Data   RW         2925    .data               pid.o
    0x200000d0   0x0800dda0   0x00000004   Data   RW         2998    .data               timer.o
    0x200000d4   0x0800dda4   0x00000004   Data   RW         3242    .data               hal_drivers.o
    0x200000d8   0x0800dda8   0x00000001   Data   RW         3412    .data               menu_ui.o
    0x200000d9   0x0800dda9   0x00000003   PAD
    0x200000dc        -       0x0000019a   Zero   RW           22    .bss                main.o
    0x20000276        -       0x0000000e   Zero   RW         2634    .bss                lcd.o
    0x20000284        -       0x0000000c   Zero   RW         2924    .bss                pid.o
    0x20000290        -       0x00000060   Zero   RW         3716    .bss                c_w.l(libspace.o)
    0x200002f0        -       0x00000200   Zero   RW            2    HEAP                startup_stm32f40_41xxx.o
    0x200004f0        -       0x00000400   Zero   RW            1    STACK               startup_stm32f40_41xxx.o


==============================================================================

Image component sizes


      Code (inc. data)   RO Data    RW Data    ZI Data      Debug   Object Name

        44         16          0          0          0        546   asciiprotocol.o
       268         16          0          4          0       2439   delay.o
       524         36          0          4          0       3781   hal_drivers.o
       172         18          0          0          0       1660   key.o
     17630        210      18240          4         14      22185   lcd.o
      1328        224          0         60        410     295608   main.o
      2266        734          0          1          0       4697   menu_ui.o
       180         24          0          0          0     231145   misc.o
       400         50          0         92         12       2147   pid.o
       152         10          0          0          0        753   pwm.o
        64         26        392          0       1536        856   startup_stm32f40_41xxx.o
       282          6          0          0          0       1773   stm32f4xx_fsmc.o
       236          0          0          0          0       2896   stm32f4xx_gpio.o
        26          0          0          0          0       4026   stm32f4xx_it.o
       360         42          0         16          0       5096   stm32f4xx_rcc.o
       366         38          0          0          0       5389   stm32f4xx_tim.o
       486          8          0          0          0       6541   stm32f4xx_usart.o
       208         26          0          0          0       1725   switch.o
       340         32          0         20          0       1737   system_stm32f4xx.o
       656        112          0          4          0       3130   timer.o
        32          6          0         12          0       3194   usart.o

    ----------------------------------------------------------------------
     26042       1634      18664        220       1972     601324   Object Totals
         0          0         32          0          0          0   (incl. Generated)
        22          0          0          3          0          0   (incl. Padding)

    ----------------------------------------------------------------------

      Code (inc. data)   RO Data    RW Data    ZI Data      Debug   Library Member Name

         8          0          0          0          0         68   __main.o
       284          0          0          0          0        156   __printf_wp.o
         0          0          0          0          0          0   __rtentry.o
        12          0          0          0          0          0   __rtentry2.o
         6          0          0          0          0          0   __rtentry4.o
        52          8          0          0          0          0   __scatter.o
        26          0          0          0          0          0   __scatter_copy.o
        28          0          0          0          0          0   __scatter_zi.o
        28          0          0          0          0         68   _chval.o
        44          0          0          0          0        108   _printf_char.o
        48          6          0          0          0         96   _printf_char_common.o
        36          4          0          0          0         80   _printf_char_file.o
         6          0          0          0          0          0   _printf_d.o
       120         16          0          0          0         92   _printf_dec.o
         6          0          0          0          0          0   _printf_f.o
      1054          0          0          0          0        216   _printf_fp_dec.o
       128         16          0          0          0         84   _printf_fp_infnan.o
        88          4         40          0          0         88   _printf_hex_int.o
       178          0          0          0          0         88   _printf_intcommon.o
         0          0          0          0          0          0   _printf_percent.o
         4          0          0          0          0          0   _printf_percent_end.o
         6          0          0          0          0          0   _printf_s.o
        82          0          0          0          0         80   _printf_str.o
         6          0          0          0          0          0   _printf_x.o
        22          0          0          0          0        100   _rserrno.o
        64          0          0          0          0         84   _sgetc.o
        10          0          0          0          0         68   _sputc.o
       228          4        148          0          0         96   bigflt0.o
      2152        136          0          0          0        960   btod.o
        18          0          0          0          0         80   exit.o
         8          0          0          0          0         68   ferror.o
         6          0          0          0          0        152   heapauxi.o
        18          0          0          0          0         76   isspace.o
        44         10        272          0          0         76   lc_ctype_c.o
        44         10         28          0          0         76   lc_numeric_c.o
         2          0          0          0          0          0   libinit.o
        34          0          0          0          0          0   libinit2.o
         2          0          0          0          0          0   libshutdown.o
         2          0          0          0          0          0   libshutdown2.o
         8          4          0          0         96         68   libspace.o
        38          0          0          0          0         68   llshl.o
       138          0          0          0          0         80   lludiv10.o
        24          4          0          0          0         84   noretval__2printf.o
        40          6          0          0          0         84   noretval__2sprintf.o
        16          4          0          0          0         76   rt_ctype_table.o
         8          4          0          0          0         68   rt_errno_addr_intlibspace.o
         8          4          0          0          0         68   rt_locale_intlibspace.o
        68          0          0          0          0         68   rt_memclr.o
        78          0          0          0          0         80   rt_memclr_w.o
         2          0          0          0          0          0   rtexit.o
        10          0          0          0          0          0   rtexit2.o
      1272         16          0          0          0        168   scanf_fp.o
       800         14          0          0          0        100   scanf_hexfp.o
       308         16          0          0          0        100   scanf_infnan.o
        20          0          0          0          0         68   strchr.o
       128          0          0          0          0         68   strcmpv7m.o
        62          0          0          0          0         76   strlen.o
       164         14          0          0          0        120   strtod.o
        26          0          0          0          0         80   strtof.o
        74          0          0          0          0         80   sys_stackheap_outer.o
         2          0          0          0          0         68   use_no_semi.o
         2          0          0          0          0         68   use_no_semi_2.o
        98          4          0          0          0        140   d2f.o
        16          4          0          0          0        116   dcheck1.o
        24          0          0          0          0        116   dcmpi.o
       688        140          0          0          0        256   ddiv.o
       120          4          0          0          0        140   deqf.o
        90          4          0          0          0        140   dfixu.o
        38          0          0          0          0        116   dflt_clz.o
       120          4          0          0          0        140   dleqf.o
       340         12          0          0          0        152   dmul.o
       156          4          0          0          0        140   dnaninf.o
        12          0          0          0          0        116   dretinf.o
       108          0          0          0          0        128   drleqf.o
        86          4          0          0          0        132   f2d.o
       140          4          0          0          0        132   fnaninf.o
         0          0         16          0          0          0   fpconst.o
        10          0          0          0          0        116   fpinit.o
        10          0          0          0          0        116   fretinf.o
         6          0          0          0          0        116   istatus.o
         4          0          0          0          0        116   printf1.o
       100          0          0          0          0        116   retnan.o
        92          0          0          0          0        116   scalbn.o
         4          0          0          0          0        116   scanf1.o
         8          0          0          0          0        132   scanf2.o
        48          0          0          0          0        116   trapv.o
         0          0          0          0          0          0   usenofp.o
        64         16          0          0          0        248   dunder.o
        48          0          0          0          0        124   fpclassify.o
       140         22          0          0          0        132   frexp.o
       228          8          0          0          0        308   ldexp.o
       266         16          0          0          0        308   narrow.o
        32          6          0          0          0        124   strtof.o

    ----------------------------------------------------------------------
     11318        554        504          0         96       9068   Library Totals
        22          2          0          0          0          0   (incl. Padding)

    ----------------------------------------------------------------------

      Code (inc. data)   RO Data    RW Data    ZI Data      Debug   Library Name

      8200        300        488          0         96       4800   c_w.l
      2318        184         16          0          0       3024   fz_wm.l
       778         68          0          0          0       1244   m_wm.l

    ----------------------------------------------------------------------
     11318        554        504          0         96       9068   Library Totals

    ----------------------------------------------------------------------

==============================================================================


      Code (inc. data)   RO Data    RW Data    ZI Data      Debug   

     37360       2188      19168        220       2068     595388   Grand Totals
     37360       2188      19168        220       2068     595388   ELF Image Totals
     37360       2188      19168        220          0          0   ROM Totals

==============================================================================

    Total RO  Size (Code + RO Data)                56528 (  55.20kB)
    Total RW  Size (RW Data + ZI Data)              2288 (   2.23kB)
    Total ROM Size (Code + RO Data + RW Data)      56748 (  55.42kB)

==============================================================================

